Sep 23 20:34:35 sami-VirtualBox kernel: [    0.000000] Linux version 5.4.0-48-generic (buildd@lcy01-amd64-010) (gcc version 9.3.0 (Ubuntu 9.3.0-10ubuntu2)) #52-Ubuntu SMP Thu Sep 10 10:58:49 UTC 2020 (Ubuntu 5.4.0-48.52-generic 5.4.60)
Sep 23 20:34:35 sami-VirtualBox kernel: [    0.000000] Command line: BOOT_IMAGE=/boot/vmlinuz-5.4.0-48-generic root=UUID=68f59e35-bb17-4640-8921-d982fccfd8e7 ro quiet splash
Sep 23 20:34:35 sami-VirtualBox kernel: [    0.000000] KERNEL supported cpus:
Sep 23 20:34:35 sami-VirtualBox kernel: [    0.000000]   Intel GenuineIntel
Sep 23 20:34:35 sami-VirtualBox kernel: [    0.000000]   AMD AuthenticAMD
Sep 23 20:34:35 sami-VirtualBox kernel: [    0.000000]   Hygon HygonGenuine
Sep 23 20:34:35 sami-VirtualBox kernel: [    0.000000]   Centaur CentaurHauls
Sep 23 20:34:35 sami-VirtualBox kernel: [    0.000000]   zhaoxin   Shanghai  
Sep 23 20:34:35 sami-VirtualBox kernel: [    0.000000] x86/fpu: Supporting XSAVE feature 0x001: 'x87 floating point registers'
Sep 23 20:34:35 sami-VirtualBox kernel: [    0.000000] x86/fpu: Supporting XSAVE feature 0x002: 'SSE registers'
Sep 23 20:34:35 sami-VirtualBox kernel: [    0.000000] x86/fpu: Supporting XSAVE feature 0x004: 'AVX registers'
Sep 23 20:34:35 sami-VirtualBox kernel: [    0.000000] x86/fpu: xstate_offset[2]:  576, xstate_sizes[2]:  256
Sep 23 20:34:35 sami-VirtualBox kernel: [    0.000000] x86/fpu: Enabled xstate features 0x7, context size is 832 bytes, using 'standard' format.
Sep 23 20:34:35 sami-VirtualBox kernel: [    0.000000] BIOS-provided physical RAM map:
Sep 23 20:34:35 sami-VirtualBox kernel: [    0.000000] BIOS-e820: [mem 0x0000000000000000-0x000000000009fbff] usable
Sep 23 20:34:35 sami-VirtualBox kernel: [    0.000000] BIOS-e820: [mem 0x000000000009fc00-0x000000000009ffff] reserved
Sep 23 20:34:35 sami-VirtualBox kernel: [    0.000000] BIOS-e820: [mem 0x00000000000f0000-0x00000000000fffff] reserved
Sep 23 20:34:35 sami-VirtualBox kernel: [    0.000000] BIOS-e820: [mem 0x0000000000100000-0x00000000dffeffff] usable
Sep 23 20:34:35 sami-VirtualBox kernel: [    0.000000] BIOS-e820: [mem 0x00000000dfff0000-0x00000000dfffffff] ACPI data
Sep 23 20:34:35 sami-VirtualBox kernel: [    0.000000] BIOS-e820: [mem 0x00000000fec00000-0x00000000fec00fff] reserved
Sep 23 20:34:35 sami-VirtualBox kernel: [    0.000000] BIOS-e820: [mem 0x00000000fee00000-0x00000000fee00fff] reserved
Sep 23 20:34:35 sami-VirtualBox kernel: [    0.000000] BIOS-e820: [mem 0x00000000fffc0000-0x00000000ffffffff] reserved
Sep 23 20:34:35 sami-VirtualBox kernel: [    0.000000] BIOS-e820: [mem 0x0000000100000000-0x00000001041fffff] usable
Sep 23 20:34:35 sami-VirtualBox kernel: [    0.000000] NX (Execute Disable) protection: active
Sep 23 20:34:35 sami-VirtualBox kernel: [    0.000000] SMBIOS 2.5 present.
Sep 23 20:34:35 sami-VirtualBox kernel: [    0.000000] DMI: innotek GmbH VirtualBox/VirtualBox, BIOS VirtualBox 12/01/2006
Sep 23 20:34:35 sami-VirtualBox kernel: [    0.000000] Hypervisor detected: KVM
Sep 23 20:34:35 sami-VirtualBox kernel: [    0.000000] kvm-clock: Using msrs 4b564d01 and 4b564d00
Sep 23 20:34:35 sami-VirtualBox kernel: [    0.000000] kvm-clock: cpu 0, msr d5e01001, primary cpu clock
Sep 23 20:34:35 sami-VirtualBox kernel: [    0.000000] kvm-clock: using sched offset of 1510624009721 cycles
Sep 23 20:34:35 sami-VirtualBox kernel: [    0.000003] clocksource: kvm-clock: mask: 0xffffffffffffffff max_cycles: 0x1cd42e4dffb, max_idle_ns: 881590591483 ns
Sep 23 20:34:35 sami-VirtualBox kernel: [    0.000005] tsc: Detected 2904.000 MHz processor
Sep 23 20:34:35 sami-VirtualBox kernel: [    0.004468] e820: update [mem 0x00000000-0x00000fff] usable ==> reserved
Sep 23 20:34:35 sami-VirtualBox kernel: [    0.004471] e820: remove [mem 0x000a0000-0x000fffff] usable
Sep 23 20:34:35 sami-VirtualBox kernel: [    0.004476] last_pfn = 0x104200 max_arch_pfn = 0x400000000
Sep 23 20:34:35 sami-VirtualBox kernel: [    0.004490] MTRR default type: uncachable
Sep 23 20:34:35 sami-VirtualBox kernel: [    0.004491] MTRR variable ranges disabled:
Sep 23 20:34:35 sami-VirtualBox kernel: [    0.004493] Disabled
Sep 23 20:34:35 sami-VirtualBox kernel: [    0.004495] x86/PAT: MTRRs disabled, skipping PAT initialization too.
Sep 23 20:34:35 sami-VirtualBox kernel: [    0.004497] CPU MTRRs all blank - virtualized system.
Sep 23 20:34:35 sami-VirtualBox kernel: [    0.004500] x86/PAT: Configuration [0-7]: WB  WT  UC- UC  WB  WT  UC- UC  
Sep 23 20:34:35 sami-VirtualBox kernel: [    0.004506] last_pfn = 0xdfff0 max_arch_pfn = 0x400000000
Sep 23 20:34:35 sami-VirtualBox kernel: [    0.231596] check: Scanning 1 areas for low memory corruption
Sep 23 20:34:35 sami-VirtualBox kernel: [    0.232127] RAMDISK: [mem 0x32171000-0x350affff]
Sep 23 20:34:35 sami-VirtualBox kernel: [    0.232143] ACPI: Early table checksum verification disabled
Sep 23 20:34:35 sami-VirtualBox kernel: [    0.232148] ACPI: RSDP 0x00000000000E0000 000024 (v02 VBOX  )
Sep 23 20:34:35 sami-VirtualBox kernel: [    0.232153] ACPI: XSDT 0x00000000DFFF0030 00003C (v01 VBOX   VBOXXSDT 00000001 ASL  00000061)
Sep 23 20:34:35 sami-VirtualBox kernel: [    0.232159] ACPI: FACP 0x00000000DFFF00F0 0000F4 (v04 VBOX   VBOXFACP 00000001 ASL  00000061)
Sep 23 20:34:35 sami-VirtualBox kernel: [    0.232166] ACPI: DSDT 0x00000000DFFF0470 0022EA (v02 VBOX   VBOXBIOS 00000002 INTL 20100528)
Sep 23 20:34:35 sami-VirtualBox kernel: [    0.232171] ACPI: FACS 0x00000000DFFF0200 000040
Sep 23 20:34:35 sami-VirtualBox kernel: [    0.232174] ACPI: FACS 0x00000000DFFF0200 000040
Sep 23 20:34:35 sami-VirtualBox kernel: [    0.232177] ACPI: APIC 0x00000000DFFF0240 000054 (v02 VBOX   VBOXAPIC 00000001 ASL  00000061)
Sep 23 20:34:35 sami-VirtualBox kernel: [    0.232181] ACPI: SSDT 0x00000000DFFF02A0 0001CC (v01 VBOX   VBOXCPUT 00000002 INTL 20100528)
Sep 23 20:34:35 sami-VirtualBox kernel: [    0.232192] ACPI: Local APIC address 0xfee00000
Sep 23 20:34:35 sami-VirtualBox kernel: [    0.232707] No NUMA configuration found
Sep 23 20:34:35 sami-VirtualBox kernel: [    0.232709] Faking a node at [mem 0x0000000000000000-0x00000001041fffff]
Sep 23 20:34:35 sami-VirtualBox kernel: [    0.232719] NODE_DATA(0) allocated [mem 0x1041d3000-0x1041fdfff]
Sep 23 20:34:35 sami-VirtualBox kernel: [    0.233219] Zone ranges:
Sep 23 20:34:35 sami-VirtualBox kernel: [    0.233220]   DMA      [mem 0x0000000000001000-0x0000000000ffffff]
Sep 23 20:34:35 sami-VirtualBox kernel: [    0.233222]   DMA32    [mem 0x0000000001000000-0x00000000ffffffff]
Sep 23 20:34:35 sami-VirtualBox kernel: [    0.233223]   Normal   [mem 0x0000000100000000-0x00000001041fffff]
Sep 23 20:34:35 sami-VirtualBox kernel: [    0.233224]   Device   empty
Sep 23 20:34:35 sami-VirtualBox kernel: [    0.233224] Movable zone start for each node
Sep 23 20:34:35 sami-VirtualBox kernel: [    0.233227] Early memory node ranges
Sep 23 20:34:35 sami-VirtualBox kernel: [    0.233228]   node   0: [mem 0x0000000000001000-0x000000000009efff]
Sep 23 20:34:35 sami-VirtualBox kernel: [    0.233229]   node   0: [mem 0x0000000000100000-0x00000000dffeffff]
Sep 23 20:34:35 sami-VirtualBox kernel: [    0.233230]   node   0: [mem 0x0000000100000000-0x00000001041fffff]
Sep 23 20:34:35 sami-VirtualBox kernel: [    0.234303] Zeroed struct page in unavailable ranges: 15986 pages
Sep 23 20:34:35 sami-VirtualBox kernel: [    0.234306] Initmem setup node 0 [mem 0x0000000000001000-0x00000001041fffff]
Sep 23 20:34:35 sami-VirtualBox kernel: [    0.234308] On node 0 totalpages: 934286
Sep 23 20:34:35 sami-VirtualBox kernel: [    0.234310]   DMA zone: 64 pages used for memmap
Sep 23 20:34:35 sami-VirtualBox kernel: [    0.234311]   DMA zone: 21 pages reserved
Sep 23 20:34:35 sami-VirtualBox kernel: [    0.234312]   DMA zone: 3998 pages, LIFO batch:0
Sep 23 20:34:35 sami-VirtualBox kernel: [    0.234368]   DMA32 zone: 14272 pages used for memmap
Sep 23 20:34:35 sami-VirtualBox kernel: [    0.234368]   DMA32 zone: 913392 pages, LIFO batch:63
Sep 23 20:34:35 sami-VirtualBox kernel: [    0.255714]   Normal zone: 264 pages used for memmap
Sep 23 20:34:35 sami-VirtualBox kernel: [    0.255717]   Normal zone: 16896 pages, LIFO batch:3
Sep 23 20:34:35 sami-VirtualBox kernel: [    0.256653] ACPI: PM-Timer IO Port: 0x4008
Sep 23 20:34:35 sami-VirtualBox kernel: [    0.256656] ACPI: Local APIC address 0xfee00000
Sep 23 20:34:35 sami-VirtualBox kernel: [    0.256727] IOAPIC[0]: apic_id 1, version 32, address 0xfec00000, GSI 0-23
Sep 23 20:34:35 sami-VirtualBox kernel: [    0.256731] ACPI: INT_SRC_OVR (bus 0 bus_irq 0 global_irq 2 dfl dfl)
Sep 23 20:34:35 sami-VirtualBox kernel: [    0.256732] ACPI: INT_SRC_OVR (bus 0 bus_irq 9 global_irq 9 low level)
Sep 23 20:34:35 sami-VirtualBox kernel: [    0.256734] ACPI: IRQ0 used by override.
Sep 23 20:34:35 sami-VirtualBox kernel: [    0.256735] ACPI: IRQ9 used by override.
Sep 23 20:34:35 sami-VirtualBox kernel: [    0.256738] Using ACPI (MADT) for SMP configuration information
Sep 23 20:34:35 sami-VirtualBox kernel: [    0.256744] smpboot: Allowing 1 CPUs, 0 hotplug CPUs
Sep 23 20:34:35 sami-VirtualBox kernel: [    0.256770] PM: Registered nosave memory: [mem 0x00000000-0x00000fff]
Sep 23 20:34:35 sami-VirtualBox kernel: [    0.256771] PM: Registered nosave memory: [mem 0x0009f000-0x0009ffff]
Sep 23 20:34:35 sami-VirtualBox kernel: [    0.256772] PM: Registered nosave memory: [mem 0x000a0000-0x000effff]
Sep 23 20:34:35 sami-VirtualBox kernel: [    0.256772] PM: Registered nosave memory: [mem 0x000f0000-0x000fffff]
Sep 23 20:34:35 sami-VirtualBox kernel: [    0.256773] PM: Registered nosave memory: [mem 0xdfff0000-0xdfffffff]
Sep 23 20:34:35 sami-VirtualBox kernel: [    0.256774] PM: Registered nosave memory: [mem 0xe0000000-0xfebfffff]
Sep 23 20:34:35 sami-VirtualBox kernel: [    0.256774] PM: Registered nosave memory: [mem 0xfec00000-0xfec00fff]
Sep 23 20:34:35 sami-VirtualBox kernel: [    0.256775] PM: Registered nosave memory: [mem 0xfec01000-0xfedfffff]
Sep 23 20:34:35 sami-VirtualBox kernel: [    0.256775] PM: Registered nosave memory: [mem 0xfee00000-0xfee00fff]
Sep 23 20:34:35 sami-VirtualBox kernel: [    0.256776] PM: Registered nosave memory: [mem 0xfee01000-0xfffbffff]
Sep 23 20:34:35 sami-VirtualBox kernel: [    0.256776] PM: Registered nosave memory: [mem 0xfffc0000-0xffffffff]
Sep 23 20:34:35 sami-VirtualBox kernel: [    0.256778] [mem 0xe0000000-0xfebfffff] available for PCI devices
Sep 23 20:34:35 sami-VirtualBox kernel: [    0.256779] Booting paravirtualized kernel on KVM
Sep 23 20:34:35 sami-VirtualBox kernel: [    0.256782] clocksource: refined-jiffies: mask: 0xffffffff max_cycles: 0xffffffff, max_idle_ns: 7645519600211568 ns
Sep 23 20:34:35 sami-VirtualBox kernel: [    0.256787] setup_percpu: NR_CPUS:8192 nr_cpumask_bits:1 nr_cpu_ids:1 nr_node_ids:1
Sep 23 20:34:35 sami-VirtualBox kernel: [    0.257182] percpu: Embedded 54 pages/cpu s184320 r8192 d28672 u2097152
Sep 23 20:34:35 sami-VirtualBox kernel: [    0.257187] pcpu-alloc: s184320 r8192 d28672 u2097152 alloc=1*2097152
Sep 23 20:34:35 sami-VirtualBox kernel: [    0.257188] pcpu-alloc: [0] 0 
Sep 23 20:34:35 sami-VirtualBox kernel: [    0.257215] Built 1 zonelists, mobility grouping on.  Total pages: 919665
Sep 23 20:34:35 sami-VirtualBox kernel: [    0.257216] Policy zone: Normal
Sep 23 20:34:35 sami-VirtualBox kernel: [    0.257217] Kernel command line: BOOT_IMAGE=/boot/vmlinuz-5.4.0-48-generic root=UUID=68f59e35-bb17-4640-8921-d982fccfd8e7 ro quiet splash
Sep 23 20:34:35 sami-VirtualBox kernel: [    0.257482] Dentry cache hash table entries: 524288 (order: 10, 4194304 bytes, linear)
Sep 23 20:34:35 sami-VirtualBox kernel: [    0.257870] Inode-cache hash table entries: 262144 (order: 9, 2097152 bytes, linear)
Sep 23 20:34:35 sami-VirtualBox kernel: [    0.257914] mem auto-init: stack:off, heap alloc:on, heap free:off
Sep 23 20:34:35 sami-VirtualBox kernel: [    0.266426] Calgary: detecting Calgary via BIOS EBDA area
Sep 23 20:34:35 sami-VirtualBox kernel: [    0.266428] Calgary: Unable to locate Rio Grande table in EBDA - bailing!
Sep 23 20:34:35 sami-VirtualBox kernel: [    0.274835] Memory: 3523956K/3737144K available (14339K kernel code, 2398K rwdata, 4956K rodata, 2716K init, 4988K bss, 213188K reserved, 0K cma-reserved)
Sep 23 20:34:35 sami-VirtualBox kernel: [    0.274843] random: get_random_u64 called from kmem_cache_open+0x2d/0x410 with crng_init=0
Sep 23 20:34:35 sami-VirtualBox kernel: [    0.275326] SLUB: HWalign=64, Order=0-3, MinObjects=0, CPUs=1, Nodes=1
Sep 23 20:34:35 sami-VirtualBox kernel: [    0.275342] Kernel/User page tables isolation: enabled
Sep 23 20:34:35 sami-VirtualBox kernel: [    0.275355] ftrace: allocating 44523 entries in 174 pages
Sep 23 20:34:35 sami-VirtualBox kernel: [    0.296783] rcu: Hierarchical RCU implementation.
Sep 23 20:34:35 sami-VirtualBox kernel: [    0.296785] rcu: 	RCU restricting CPUs from NR_CPUS=8192 to nr_cpu_ids=1.
Sep 23 20:34:35 sami-VirtualBox kernel: [    0.296786] 	Tasks RCU enabled.
Sep 23 20:34:35 sami-VirtualBox kernel: [    0.296787] rcu: RCU calculated value of scheduler-enlistment delay is 25 jiffies.
Sep 23 20:34:35 sami-VirtualBox kernel: [    0.296787] rcu: Adjusting geometry for rcu_fanout_leaf=16, nr_cpu_ids=1
Sep 23 20:34:35 sami-VirtualBox kernel: [    0.299831] NR_IRQS: 524544, nr_irqs: 256, preallocated irqs: 16
Sep 23 20:34:35 sami-VirtualBox kernel: [    0.300514] random: crng done (trusting CPU's manufacturer)
Sep 23 20:34:35 sami-VirtualBox kernel: [    0.311263] Console: colour VGA+ 80x25
Sep 23 20:34:35 sami-VirtualBox kernel: [    0.311267] printk: console [tty0] enabled
Sep 23 20:34:35 sami-VirtualBox kernel: [    0.311297] ACPI: Core revision 20190816
Sep 23 20:34:35 sami-VirtualBox kernel: [    0.311547] APIC: Switch to symmetric I/O mode setup
Sep 23 20:34:35 sami-VirtualBox kernel: [    0.311823] x2apic enabled
Sep 23 20:34:35 sami-VirtualBox kernel: [    0.312080] Switched APIC routing to physical x2apic.
Sep 23 20:34:35 sami-VirtualBox kernel: [    0.313352] ..TIMER: vector=0x30 apic1=0 pin1=2 apic2=-1 pin2=-1
Sep 23 20:34:35 sami-VirtualBox kernel: [    0.313379] clocksource: tsc-early: mask: 0xffffffffffffffff max_cycles: 0x29dc05e54fc, max_idle_ns: 440795291716 ns
Sep 23 20:34:35 sami-VirtualBox kernel: [    0.313385] Calibrating delay loop (skipped) preset value.. 5808.00 BogoMIPS (lpj=11616000)
Sep 23 20:34:35 sami-VirtualBox kernel: [    0.313387] pid_max: default: 32768 minimum: 301
Sep 23 20:34:35 sami-VirtualBox kernel: [    0.313431] LSM: Security Framework initializing
Sep 23 20:34:35 sami-VirtualBox kernel: [    0.313441] Yama: becoming mindful.
Sep 23 20:34:35 sami-VirtualBox kernel: [    0.313465] AppArmor: AppArmor initialized
Sep 23 20:34:35 sami-VirtualBox kernel: [    0.313503] Mount-cache hash table entries: 8192 (order: 4, 65536 bytes, linear)
Sep 23 20:34:35 sami-VirtualBox kernel: [    0.313510] Mountpoint-cache hash table entries: 8192 (order: 4, 65536 bytes, linear)
Sep 23 20:34:35 sami-VirtualBox kernel: [    0.313527] *** VALIDATE tmpfs ***
Sep 23 20:34:35 sami-VirtualBox kernel: [    0.313669] *** VALIDATE proc ***
Sep 23 20:34:35 sami-VirtualBox kernel: [    0.313714] *** VALIDATE cgroup1 ***
Sep 23 20:34:35 sami-VirtualBox kernel: [    0.313716] *** VALIDATE cgroup2 ***
Sep 23 20:34:35 sami-VirtualBox kernel: [    0.313882] process: using mwait in idle threads
Sep 23 20:34:35 sami-VirtualBox kernel: [    0.313887] Last level iTLB entries: 4KB 64, 2MB 8, 4MB 8
Sep 23 20:34:35 sami-VirtualBox kernel: [    0.313888] Last level dTLB entries: 4KB 64, 2MB 0, 4MB 0, 1GB 4
Sep 23 20:34:35 sami-VirtualBox kernel: [    0.313890] Spectre V1 : Mitigation: usercopy/swapgs barriers and __user pointer sanitization
Sep 23 20:34:35 sami-VirtualBox kernel: [    0.313892] Spectre V2 : Mitigation: Full generic retpoline
Sep 23 20:34:35 sami-VirtualBox kernel: [    0.313892] Spectre V2 : Spectre v2 / SpectreRSB mitigation: Filling RSB on context switch
Sep 23 20:34:35 sami-VirtualBox kernel: [    0.313893] Speculative Store Bypass: Vulnerable
Sep 23 20:34:35 sami-VirtualBox kernel: [    0.313896] SRBDS: Unknown: Dependent on hypervisor status
Sep 23 20:34:35 sami-VirtualBox kernel: [    0.313897] MDS: Mitigation: Clear CPU buffers
Sep 23 20:34:35 sami-VirtualBox kernel: [    0.322140] Freeing SMP alternatives memory: 40K
Sep 23 20:34:35 sami-VirtualBox kernel: [    0.432634] smpboot: CPU0: Intel(R) Core(TM) i7-7820HQ CPU @ 2.90GHz (family: 0x6, model: 0x9e, stepping: 0x9)
Sep 23 20:34:35 sami-VirtualBox kernel: [    0.432858] Performance Events: unsupported p6 CPU model 158 no PMU driver, software events only.
Sep 23 20:34:35 sami-VirtualBox kernel: [    0.432893] rcu: Hierarchical SRCU implementation.
Sep 23 20:34:35 sami-VirtualBox kernel: [    0.433381] NMI watchdog: Perf NMI watchdog permanently disabled
Sep 23 20:34:35 sami-VirtualBox kernel: [    0.433381] smp: Bringing up secondary CPUs ...
Sep 23 20:34:35 sami-VirtualBox kernel: [    0.433381] smp: Brought up 1 node, 1 CPU
Sep 23 20:34:35 sami-VirtualBox kernel: [    0.433381] smpboot: Max logical packages: 1
Sep 23 20:34:35 sami-VirtualBox kernel: [    0.433381] smpboot: Total of 1 processors activated (5808.00 BogoMIPS)
Sep 23 20:34:35 sami-VirtualBox kernel: [    0.433381] devtmpfs: initialized
Sep 23 20:34:35 sami-VirtualBox kernel: [    0.433381] x86/mm: Memory block size: 128MB
Sep 23 20:34:35 sami-VirtualBox kernel: [    0.433381] clocksource: jiffies: mask: 0xffffffff max_cycles: 0xffffffff, max_idle_ns: 7645041785100000 ns
Sep 23 20:34:35 sami-VirtualBox kernel: [    0.433381] futex hash table entries: 256 (order: 2, 16384 bytes, linear)
Sep 23 20:34:35 sami-VirtualBox kernel: [    0.433381] pinctrl core: initialized pinctrl subsystem
Sep 23 20:34:35 sami-VirtualBox kernel: [    0.433381] PM: RTC time: 02:34:19, date: 2020-09-24
Sep 23 20:34:35 sami-VirtualBox kernel: [    0.433381] NET: Registered protocol family 16
Sep 23 20:34:35 sami-VirtualBox kernel: [    0.433381] audit: initializing netlink subsys (disabled)
Sep 23 20:34:35 sami-VirtualBox kernel: [    0.433381] EISA bus registered
Sep 23 20:34:35 sami-VirtualBox kernel: [    0.433381] cpuidle: using governor ladder
Sep 23 20:34:35 sami-VirtualBox kernel: [    0.433381] cpuidle: using governor menu
Sep 23 20:34:35 sami-VirtualBox kernel: [    0.433381] ACPI: bus type PCI registered
Sep 23 20:34:35 sami-VirtualBox kernel: [    0.433381] acpiphp: ACPI Hot Plug PCI Controller Driver version: 0.5
Sep 23 20:34:35 sami-VirtualBox kernel: [    0.433381] PCI: Using configuration type 1 for base access
Sep 23 20:34:35 sami-VirtualBox kernel: [    0.433527] audit: type=2000 audit(1600916368.368:1): state=initialized audit_enabled=0 res=1
Sep 23 20:34:35 sami-VirtualBox kernel: [    0.433602] HugeTLB registered 2.00 MiB page size, pre-allocated 0 pages
Sep 23 20:34:35 sami-VirtualBox kernel: [    0.434469] ACPI: Added _OSI(Module Device)
Sep 23 20:34:35 sami-VirtualBox kernel: [    0.434469] ACPI: Added _OSI(Processor Device)
Sep 23 20:34:35 sami-VirtualBox kernel: [    0.434470] ACPI: Added _OSI(3.0 _SCP Extensions)
Sep 23 20:34:35 sami-VirtualBox kernel: [    0.434471] ACPI: Added _OSI(Processor Aggregator Device)
Sep 23 20:34:35 sami-VirtualBox kernel: [    0.434472] ACPI: Added _OSI(Linux-Dell-Video)
Sep 23 20:34:35 sami-VirtualBox kernel: [    0.434473] ACPI: Added _OSI(Linux-Lenovo-NV-HDMI-Audio)
Sep 23 20:34:35 sami-VirtualBox kernel: [    0.434473] ACPI: Added _OSI(Linux-HPI-Hybrid-Graphics)
Sep 23 20:34:35 sami-VirtualBox kernel: [    0.436826] ACPI: 2 ACPI AML tables successfully acquired and loaded
Sep 23 20:34:35 sami-VirtualBox kernel: [    0.439194] ACPI: Interpreter enabled
Sep 23 20:34:35 sami-VirtualBox kernel: [    0.439206] ACPI: (supports S0 S5)
Sep 23 20:34:35 sami-VirtualBox kernel: [    0.439207] ACPI: Using IOAPIC for interrupt routing
Sep 23 20:34:35 sami-VirtualBox kernel: [    0.439452] PCI: Using host bridge windows from ACPI; if necessary, use "pci=nocrs" and report a bug
Sep 23 20:34:35 sami-VirtualBox kernel: [    0.439609] ACPI: Enabled 2 GPEs in block 00 to 07
Sep 23 20:34:35 sami-VirtualBox kernel: [    0.445934] ACPI: PCI Root Bridge [PCI0] (domain 0000 [bus 00-ff])
Sep 23 20:34:35 sami-VirtualBox kernel: [    0.445940] acpi PNP0A03:00: _OSC: OS supports [ASPM ClockPM Segments MSI HPX-Type3]
Sep 23 20:34:35 sami-VirtualBox kernel: [    0.446451] acpi PNP0A03:00: _OSC: not requesting OS control; OS requires [ExtendedConfig ASPM ClockPM MSI]
Sep 23 20:34:35 sami-VirtualBox kernel: [    0.446460] acpi PNP0A03:00: fail to add MMCONFIG information, can't access extended PCI configuration space under this bridge.
Sep 23 20:34:35 sami-VirtualBox kernel: [    0.446973] PCI host bridge to bus 0000:00
Sep 23 20:34:35 sami-VirtualBox kernel: [    0.446975] pci_bus 0000:00: root bus resource [io  0x0000-0x0cf7 window]
Sep 23 20:34:35 sami-VirtualBox kernel: [    0.446977] pci_bus 0000:00: root bus resource [io  0x0d00-0xffff window]
Sep 23 20:34:35 sami-VirtualBox kernel: [    0.446978] pci_bus 0000:00: root bus resource [mem 0x000a0000-0x000bffff window]
Sep 23 20:34:35 sami-VirtualBox kernel: [    0.446979] pci_bus 0000:00: root bus resource [mem 0xe0000000-0xfdffffff window]
Sep 23 20:34:35 sami-VirtualBox kernel: [    0.446980] pci_bus 0000:00: root bus resource [bus 00-ff]
Sep 23 20:34:35 sami-VirtualBox kernel: [    0.447052] pci 0000:00:00.0: [8086:1237] type 00 class 0x060000
Sep 23 20:34:35 sami-VirtualBox kernel: [    0.448450] pci 0000:00:01.0: [8086:7000] type 00 class 0x060100
Sep 23 20:34:35 sami-VirtualBox kernel: [    0.449971] pci 0000:00:01.1: [8086:7111] type 00 class 0x01018a
Sep 23 20:34:35 sami-VirtualBox kernel: [    0.450815] pci 0000:00:01.1: reg 0x20: [io  0xd000-0xd00f]
Sep 23 20:34:35 sami-VirtualBox kernel: [    0.451156] pci 0000:00:01.1: legacy IDE quirk: reg 0x10: [io  0x01f0-0x01f7]
Sep 23 20:34:35 sami-VirtualBox kernel: [    0.451157] pci 0000:00:01.1: legacy IDE quirk: reg 0x14: [io  0x03f6]
Sep 23 20:34:35 sami-VirtualBox kernel: [    0.451158] pci 0000:00:01.1: legacy IDE quirk: reg 0x18: [io  0x0170-0x0177]
Sep 23 20:34:35 sami-VirtualBox kernel: [    0.451159] pci 0000:00:01.1: legacy IDE quirk: reg 0x1c: [io  0x0376]
Sep 23 20:34:35 sami-VirtualBox kernel: [    0.451888] pci 0000:00:02.0: [15ad:0405] type 00 class 0x030000
Sep 23 20:34:35 sami-VirtualBox kernel: [    0.453746] pci 0000:00:02.0: reg 0x10: [io  0xd010-0xd01f]
Sep 23 20:34:35 sami-VirtualBox kernel: [    0.455481] pci 0000:00:02.0: reg 0x14: [mem 0xf0000000-0xf0ffffff]
Sep 23 20:34:35 sami-VirtualBox kernel: [    0.457216] pci 0000:00:02.0: reg 0x18: [mem 0xf1000000-0xf11fffff]
Sep 23 20:34:35 sami-VirtualBox kernel: [    0.465748] pci 0000:00:03.0: [8086:100e] type 00 class 0x020000
Sep 23 20:34:35 sami-VirtualBox kernel: [    0.467371] pci 0000:00:03.0: reg 0x10: [mem 0xf1200000-0xf121ffff]
Sep 23 20:34:35 sami-VirtualBox kernel: [    0.469579] pci 0000:00:03.0: reg 0x18: [io  0xd020-0xd027]
Sep 23 20:34:35 sami-VirtualBox kernel: [    0.477454] pci 0000:00:04.0: [80ee:cafe] type 00 class 0x088000
Sep 23 20:34:35 sami-VirtualBox kernel: [    0.478952] pci 0000:00:04.0: reg 0x10: [io  0xd040-0xd05f]
Sep 23 20:34:35 sami-VirtualBox kernel: [    0.480337] pci 0000:00:04.0: reg 0x14: [mem 0xf1400000-0xf17fffff]
Sep 23 20:34:35 sami-VirtualBox kernel: [    0.481548] pci 0000:00:04.0: reg 0x18: [mem 0xf1800000-0xf1803fff pref]
Sep 23 20:34:35 sami-VirtualBox kernel: [    0.487873] pci 0000:00:05.0: [8086:2415] type 00 class 0x040100
Sep 23 20:34:35 sami-VirtualBox kernel: [    0.489391] pci 0000:00:05.0: reg 0x10: [io  0xd100-0xd1ff]
Sep 23 20:34:35 sami-VirtualBox kernel: [    0.489544] pci 0000:00:05.0: reg 0x14: [io  0xd200-0xd23f]
Sep 23 20:34:35 sami-VirtualBox kernel: [    0.491031] pci 0000:00:06.0: [106b:003f] type 00 class 0x0c0310
Sep 23 20:34:35 sami-VirtualBox kernel: [    0.492539] pci 0000:00:06.0: reg 0x10: [mem 0xf1804000-0xf1804fff]
Sep 23 20:34:35 sami-VirtualBox kernel: [    0.501173] pci 0000:00:07.0: [8086:7113] type 00 class 0x068000
Sep 23 20:34:35 sami-VirtualBox kernel: [    0.502003] pci 0000:00:07.0: quirk: [io  0x4000-0x403f] claimed by PIIX4 ACPI
Sep 23 20:34:35 sami-VirtualBox kernel: [    0.502020] pci 0000:00:07.0: quirk: [io  0x4100-0x410f] claimed by PIIX4 SMB
Sep 23 20:34:35 sami-VirtualBox kernel: [    0.504616] pci 0000:00:0d.0: [8086:2829] type 00 class 0x010601
Sep 23 20:34:35 sami-VirtualBox kernel: [    0.505623] pci 0000:00:0d.0: reg 0x10: [io  0xd240-0xd247]
Sep 23 20:34:35 sami-VirtualBox kernel: [    0.507136] pci 0000:00:0d.0: reg 0x14: [io  0xd248-0xd24b]
Sep 23 20:34:35 sami-VirtualBox kernel: [    0.509599] pci 0000:00:0d.0: reg 0x18: [io  0xd250-0xd257]
Sep 23 20:34:35 sami-VirtualBox kernel: [    0.510994] pci 0000:00:0d.0: reg 0x1c: [io  0xd258-0xd25b]
Sep 23 20:34:35 sami-VirtualBox kernel: [    0.512379] pci 0000:00:0d.0: reg 0x20: [io  0xd260-0xd26f]
Sep 23 20:34:35 sami-VirtualBox kernel: [    0.513625] pci 0000:00:0d.0: reg 0x24: [mem 0xf1806000-0xf1807fff]
Sep 23 20:34:35 sami-VirtualBox kernel: [    0.525416] ACPI: PCI Interrupt Link [LNKA] (IRQs 5 9 10 *11)
Sep 23 20:34:35 sami-VirtualBox kernel: [    0.525789] ACPI: PCI Interrupt Link [LNKB] (IRQs 5 9 *10 11)
Sep 23 20:34:35 sami-VirtualBox kernel: [    0.525948] ACPI: PCI Interrupt Link [LNKC] (IRQs 5 *9 10 11)
Sep 23 20:34:35 sami-VirtualBox kernel: [    0.526104] ACPI: PCI Interrupt Link [LNKD] (IRQs 5 9 10 *11)
Sep 23 20:34:35 sami-VirtualBox kernel: [    0.527073] iommu: Default domain type: Translated 
Sep 23 20:34:35 sami-VirtualBox kernel: [    0.527628] SCSI subsystem initialized
Sep 23 20:34:35 sami-VirtualBox kernel: [    0.527736] libata version 3.00 loaded.
Sep 23 20:34:35 sami-VirtualBox kernel: [    0.527928] pci 0000:00:02.0: vgaarb: setting as boot VGA device
Sep 23 20:34:35 sami-VirtualBox kernel: [    0.527933] pci 0000:00:02.0: vgaarb: VGA device added: decodes=io+mem,owns=io+mem,locks=none
Sep 23 20:34:35 sami-VirtualBox kernel: [    0.527936] pci 0000:00:02.0: vgaarb: bridge control possible
Sep 23 20:34:35 sami-VirtualBox kernel: [    0.527936] vgaarb: loaded
Sep 23 20:34:35 sami-VirtualBox kernel: [    0.527964] ACPI: bus type USB registered
Sep 23 20:34:35 sami-VirtualBox kernel: [    0.528005] usbcore: registered new interface driver usbfs
Sep 23 20:34:35 sami-VirtualBox kernel: [    0.528013] usbcore: registered new interface driver hub
Sep 23 20:34:35 sami-VirtualBox kernel: [    0.528019] usbcore: registered new device driver usb
Sep 23 20:34:35 sami-VirtualBox kernel: [    0.528053] pps_core: LinuxPPS API ver. 1 registered
Sep 23 20:34:35 sami-VirtualBox kernel: [    0.528053] pps_core: Software ver. 5.3.6 - Copyright 2005-2007 Rodolfo Giometti <giometti@linux.it>
Sep 23 20:34:35 sami-VirtualBox kernel: [    0.528055] PTP clock support registered
Sep 23 20:34:35 sami-VirtualBox kernel: [    0.528102] EDAC MC: Ver: 3.0.0
Sep 23 20:34:35 sami-VirtualBox kernel: [    0.528697] PCI: Using ACPI for IRQ routing
Sep 23 20:34:35 sami-VirtualBox kernel: [    0.528699] PCI: pci_cache_line_size set to 64 bytes
Sep 23 20:34:35 sami-VirtualBox kernel: [    0.529140] e820: reserve RAM buffer [mem 0x0009fc00-0x0009ffff]
Sep 23 20:34:35 sami-VirtualBox kernel: [    0.529144] e820: reserve RAM buffer [mem 0xdfff0000-0xdfffffff]
Sep 23 20:34:35 sami-VirtualBox kernel: [    0.529145] e820: reserve RAM buffer [mem 0x104200000-0x107ffffff]
Sep 23 20:34:35 sami-VirtualBox kernel: [    0.529351] NetLabel: Initializing
Sep 23 20:34:35 sami-VirtualBox kernel: [    0.529352] NetLabel:  domain hash size = 128
Sep 23 20:34:35 sami-VirtualBox kernel: [    0.529352] NetLabel:  protocols = UNLABELED CIPSOv4 CALIPSO
Sep 23 20:34:35 sami-VirtualBox kernel: [    0.529411] NetLabel:  unlabeled traffic allowed by default
Sep 23 20:34:35 sami-VirtualBox kernel: [    0.530389] clocksource: Switched to clocksource kvm-clock
Sep 23 20:34:35 sami-VirtualBox kernel: [    0.543383] *** VALIDATE bpf ***
Sep 23 20:34:35 sami-VirtualBox kernel: [    0.543474] VFS: Disk quotas dquot_6.6.0
Sep 23 20:34:35 sami-VirtualBox kernel: [    0.543492] VFS: Dquot-cache hash table entries: 512 (order 0, 4096 bytes)
Sep 23 20:34:35 sami-VirtualBox kernel: [    0.543517] *** VALIDATE ramfs ***
Sep 23 20:34:35 sami-VirtualBox kernel: [    0.543520] *** VALIDATE hugetlbfs ***
Sep 23 20:34:35 sami-VirtualBox kernel: [    0.543606] AppArmor: AppArmor Filesystem Enabled
Sep 23 20:34:35 sami-VirtualBox kernel: [    0.543640] pnp: PnP ACPI init
Sep 23 20:34:35 sami-VirtualBox kernel: [    0.543724] pnp 00:00: Plug and Play ACPI device, IDs PNP0303 (active)
Sep 23 20:34:35 sami-VirtualBox kernel: [    0.543823] pnp 00:01: Plug and Play ACPI device, IDs PNP0f03 (active)
Sep 23 20:34:35 sami-VirtualBox kernel: [    0.545152] pnp: PnP ACPI: found 2 devices
Sep 23 20:34:35 sami-VirtualBox kernel: [    0.546325] thermal_sys: Registered thermal governor 'fair_share'
Sep 23 20:34:35 sami-VirtualBox kernel: [    0.546326] thermal_sys: Registered thermal governor 'bang_bang'
Sep 23 20:34:35 sami-VirtualBox kernel: [    0.546327] thermal_sys: Registered thermal governor 'step_wise'
Sep 23 20:34:35 sami-VirtualBox kernel: [    0.546327] thermal_sys: Registered thermal governor 'user_space'
Sep 23 20:34:35 sami-VirtualBox kernel: [    0.546328] thermal_sys: Registered thermal governor 'power_allocator'
Sep 23 20:34:35 sami-VirtualBox kernel: [    0.550845] clocksource: acpi_pm: mask: 0xffffff max_cycles: 0xffffff, max_idle_ns: 2085701024 ns
Sep 23 20:34:35 sami-VirtualBox kernel: [    0.550884] pci_bus 0000:00: resource 4 [io  0x0000-0x0cf7 window]
Sep 23 20:34:35 sami-VirtualBox kernel: [    0.550886] pci_bus 0000:00: resource 5 [io  0x0d00-0xffff window]
Sep 23 20:34:35 sami-VirtualBox kernel: [    0.550887] pci_bus 0000:00: resource 6 [mem 0x000a0000-0x000bffff window]
Sep 23 20:34:35 sami-VirtualBox kernel: [    0.550888] pci_bus 0000:00: resource 7 [mem 0xe0000000-0xfdffffff window]
Sep 23 20:34:35 sami-VirtualBox kernel: [    0.550943] NET: Registered protocol family 2
Sep 23 20:34:35 sami-VirtualBox kernel: [    0.551107] tcp_listen_portaddr_hash hash table entries: 2048 (order: 3, 32768 bytes, linear)
Sep 23 20:34:35 sami-VirtualBox kernel: [    0.551131] TCP established hash table entries: 32768 (order: 6, 262144 bytes, linear)
Sep 23 20:34:35 sami-VirtualBox kernel: [    0.551562] TCP bind hash table entries: 32768 (order: 7, 524288 bytes, linear)
Sep 23 20:34:35 sami-VirtualBox kernel: [    0.551616] TCP: Hash tables configured (established 32768 bind 32768)
Sep 23 20:34:35 sami-VirtualBox kernel: [    0.551648] UDP hash table entries: 2048 (order: 4, 65536 bytes, linear)
Sep 23 20:34:35 sami-VirtualBox kernel: [    0.551660] UDP-Lite hash table entries: 2048 (order: 4, 65536 bytes, linear)
Sep 23 20:34:35 sami-VirtualBox kernel: [    0.551735] NET: Registered protocol family 1
Sep 23 20:34:35 sami-VirtualBox kernel: [    0.551745] NET: Registered protocol family 44
Sep 23 20:34:35 sami-VirtualBox kernel: [    0.551779] pci 0000:00:00.0: Limiting direct PCI/PCI transfers
Sep 23 20:34:35 sami-VirtualBox kernel: [    0.551800] pci 0000:00:01.0: Activating ISA DMA hang workarounds
Sep 23 20:34:35 sami-VirtualBox kernel: [    0.551888] pci 0000:00:02.0: Video device with shadowed ROM at [mem 0x000c0000-0x000dffff]
Sep 23 20:34:35 sami-VirtualBox kernel: [    0.553386] PCI: CLS 0 bytes, default 64
Sep 23 20:34:35 sami-VirtualBox kernel: [    0.553473] Trying to unpack rootfs image as initramfs...
Sep 23 20:34:35 sami-VirtualBox kernel: [    0.702174] Freeing initrd memory: 48380K
Sep 23 20:34:35 sami-VirtualBox kernel: [    0.702223] PCI-DMA: Using software bounce buffering for IO (SWIOTLB)
Sep 23 20:34:35 sami-VirtualBox kernel: [    0.702225] software IO TLB: mapped [mem 0xdbbf0000-0xdfbf0000] (64MB)
Sep 23 20:34:35 sami-VirtualBox kernel: [    0.702274] clocksource: tsc: mask: 0xffffffffffffffff max_cycles: 0x29dc05e54fc, max_idle_ns: 440795291716 ns
Sep 23 20:34:35 sami-VirtualBox kernel: [    0.702285] clocksource: Switched to clocksource tsc
Sep 23 20:34:35 sami-VirtualBox kernel: [    0.702327] platform rtc_cmos: registered platform RTC device (no PNP device found)
Sep 23 20:34:35 sami-VirtualBox kernel: [    0.702348] check: Scanning for low memory corruption every 60 seconds
Sep 23 20:34:35 sami-VirtualBox kernel: [    0.702652] Initialise system trusted keyrings
Sep 23 20:34:35 sami-VirtualBox kernel: [    0.702672] Key type blacklist registered
Sep 23 20:34:35 sami-VirtualBox kernel: [    0.702724] workingset: timestamp_bits=36 max_order=20 bucket_order=0
Sep 23 20:34:35 sami-VirtualBox kernel: [    0.703969] zbud: loaded
Sep 23 20:34:35 sami-VirtualBox kernel: [    0.704334] squashfs: version 4.0 (2009/01/31) Phillip Lougher
Sep 23 20:34:35 sami-VirtualBox kernel: [    0.704479] fuse: init (API version 7.31)
Sep 23 20:34:35 sami-VirtualBox kernel: [    0.704494] *** VALIDATE fuse ***
Sep 23 20:34:35 sami-VirtualBox kernel: [    0.704496] *** VALIDATE fuse ***
Sep 23 20:34:35 sami-VirtualBox kernel: [    0.704580] Platform Keyring initialized
Sep 23 20:34:35 sami-VirtualBox kernel: [    0.707945] Key type asymmetric registered
Sep 23 20:34:35 sami-VirtualBox kernel: [    0.707946] Asymmetric key parser 'x509' registered
Sep 23 20:34:35 sami-VirtualBox kernel: [    0.707955] Block layer SCSI generic (bsg) driver version 0.4 loaded (major 244)
Sep 23 20:34:35 sami-VirtualBox kernel: [    0.707991] io scheduler mq-deadline registered
Sep 23 20:34:35 sami-VirtualBox kernel: [    0.708084] shpchp: Standard Hot Plug PCI Controller Driver version: 0.4
Sep 23 20:34:35 sami-VirtualBox kernel: [    0.708529] ACPI: AC Adapter [AC] (on-line)
Sep 23 20:34:35 sami-VirtualBox kernel: [    0.708579] input: Power Button as /devices/LNXSYSTM:00/LNXPWRBN:00/input/input0
Sep 23 20:34:35 sami-VirtualBox kernel: [    0.708610] ACPI: Power Button [PWRF]
Sep 23 20:34:35 sami-VirtualBox kernel: [    0.708711] input: Sleep Button as /devices/LNXSYSTM:00/LNXSLPBN:00/input/input1
Sep 23 20:34:35 sami-VirtualBox kernel: [    0.708726] ACPI: Sleep Button [SLPF]
Sep 23 20:34:35 sami-VirtualBox kernel: [    0.710352] battery: ACPI: Battery Slot [BAT0] (battery present)
Sep 23 20:34:35 sami-VirtualBox kernel: [    0.710398] Serial: 8250/16550 driver, 32 ports, IRQ sharing enabled
Sep 23 20:34:35 sami-VirtualBox kernel: [    0.711707] Linux agpgart interface v0.103
Sep 23 20:34:35 sami-VirtualBox kernel: [    0.713057] loop: module loaded
Sep 23 20:34:35 sami-VirtualBox kernel: [    0.713171] ata_piix 0000:00:01.1: version 2.13
Sep 23 20:34:35 sami-VirtualBox kernel: [    0.713408] scsi host0: ata_piix
Sep 23 20:34:35 sami-VirtualBox kernel: [    0.713408] scsi host1: ata_piix
Sep 23 20:34:35 sami-VirtualBox kernel: [    0.713408] ata1: PATA max UDMA/33 cmd 0x1f0 ctl 0x3f6 bmdma 0xd000 irq 14
Sep 23 20:34:35 sami-VirtualBox kernel: [    0.713408] ata2: PATA max UDMA/33 cmd 0x170 ctl 0x376 bmdma 0xd008 irq 15
Sep 23 20:34:35 sami-VirtualBox kernel: [    0.713408] libphy: Fixed MDIO Bus: probed
Sep 23 20:34:35 sami-VirtualBox kernel: [    0.713408] tun: Universal TUN/TAP device driver, 1.6
Sep 23 20:34:35 sami-VirtualBox kernel: [    0.714229] PPP generic driver version 2.4.2
Sep 23 20:34:35 sami-VirtualBox kernel: [    0.714306] VFIO - User Level meta-driver version: 0.3
Sep 23 20:34:35 sami-VirtualBox kernel: [    0.714708] ehci_hcd: USB 2.0 'Enhanced' Host Controller (EHCI) Driver
Sep 23 20:34:35 sami-VirtualBox kernel: [    0.714711] ehci-pci: EHCI PCI platform driver
Sep 23 20:34:35 sami-VirtualBox kernel: [    0.714718] ehci-platform: EHCI generic platform driver
Sep 23 20:34:35 sami-VirtualBox kernel: [    0.714724] ohci_hcd: USB 1.1 'Open' Host Controller (OHCI) Driver
Sep 23 20:34:35 sami-VirtualBox kernel: [    0.714726] ohci-pci: OHCI PCI platform driver
Sep 23 20:34:35 sami-VirtualBox kernel: [    0.715433] ohci-pci 0000:00:06.0: OHCI PCI host controller
Sep 23 20:34:35 sami-VirtualBox kernel: [    0.715441] ohci-pci 0000:00:06.0: new USB bus registered, assigned bus number 1
Sep 23 20:34:35 sami-VirtualBox kernel: [    0.715512] ohci-pci 0000:00:06.0: irq 22, io mem 0xf1804000
Sep 23 20:34:35 sami-VirtualBox kernel: [    0.774289] usb usb1: New USB device found, idVendor=1d6b, idProduct=0001, bcdDevice= 5.04
Sep 23 20:34:35 sami-VirtualBox kernel: [    0.774292] usb usb1: New USB device strings: Mfr=3, Product=2, SerialNumber=1
Sep 23 20:34:35 sami-VirtualBox kernel: [    0.774293] usb usb1: Product: OHCI PCI host controller
Sep 23 20:34:35 sami-VirtualBox kernel: [    0.774294] usb usb1: Manufacturer: Linux 5.4.0-48-generic ohci_hcd
Sep 23 20:34:35 sami-VirtualBox kernel: [    0.774295] usb usb1: SerialNumber: 0000:00:06.0
Sep 23 20:34:35 sami-VirtualBox kernel: [    0.774491] hub 1-0:1.0: USB hub found
Sep 23 20:34:35 sami-VirtualBox kernel: [    0.774513] hub 1-0:1.0: 12 ports detected
Sep 23 20:34:35 sami-VirtualBox kernel: [    0.775106] ohci-platform: OHCI generic platform driver
Sep 23 20:34:35 sami-VirtualBox kernel: [    0.775120] uhci_hcd: USB Universal Host Controller Interface driver
Sep 23 20:34:35 sami-VirtualBox kernel: [    0.775177] i8042: PNP: PS/2 Controller [PNP0303:PS2K,PNP0f03:PS2M] at 0x60,0x64 irq 1,12
Sep 23 20:34:35 sami-VirtualBox kernel: [    0.775684] serio: i8042 KBD port at 0x60,0x64 irq 1
Sep 23 20:34:35 sami-VirtualBox kernel: [    0.775689] serio: i8042 AUX port at 0x60,0x64 irq 12
Sep 23 20:34:35 sami-VirtualBox kernel: [    0.775790] mousedev: PS/2 mouse device common for all mice
Sep 23 20:34:35 sami-VirtualBox kernel: [    0.776053] input: AT Translated Set 2 keyboard as /devices/platform/i8042/serio0/input/input2
Sep 23 20:34:35 sami-VirtualBox kernel: [    0.776567] rtc_cmos rtc_cmos: registered as rtc0
Sep 23 20:34:35 sami-VirtualBox kernel: [    0.776580] rtc_cmos rtc_cmos: alarms up to one day, 114 bytes nvram
Sep 23 20:34:35 sami-VirtualBox kernel: [    0.776585] i2c /dev entries driver
Sep 23 20:34:35 sami-VirtualBox kernel: [    0.776633] device-mapper: uevent: version 1.0.3
Sep 23 20:34:35 sami-VirtualBox kernel: [    0.776684] device-mapper: ioctl: 4.41.0-ioctl (2019-09-16) initialised: dm-devel@redhat.com
Sep 23 20:34:35 sami-VirtualBox kernel: [    0.776700] platform eisa.0: Probing EISA bus 0
Sep 23 20:34:35 sami-VirtualBox kernel: [    0.776701] platform eisa.0: EISA: Cannot allocate resource for mainboard
Sep 23 20:34:35 sami-VirtualBox kernel: [    0.776703] platform eisa.0: Cannot allocate resource for EISA slot 1
Sep 23 20:34:35 sami-VirtualBox kernel: [    0.776704] platform eisa.0: Cannot allocate resource for EISA slot 2
Sep 23 20:34:35 sami-VirtualBox kernel: [    0.776705] platform eisa.0: Cannot allocate resource for EISA slot 3
Sep 23 20:34:35 sami-VirtualBox kernel: [    0.776706] platform eisa.0: Cannot allocate resource for EISA slot 4
Sep 23 20:34:35 sami-VirtualBox kernel: [    0.776707] platform eisa.0: Cannot allocate resource for EISA slot 5
Sep 23 20:34:35 sami-VirtualBox kernel: [    0.776708] platform eisa.0: Cannot allocate resource for EISA slot 6
Sep 23 20:34:35 sami-VirtualBox kernel: [    0.776709] platform eisa.0: Cannot allocate resource for EISA slot 7
Sep 23 20:34:35 sami-VirtualBox kernel: [    0.776709] platform eisa.0: Cannot allocate resource for EISA slot 8
Sep 23 20:34:35 sami-VirtualBox kernel: [    0.776710] platform eisa.0: EISA: Detected 0 cards
Sep 23 20:34:35 sami-VirtualBox kernel: [    0.776713] intel_pstate: CPU model not supported
Sep 23 20:34:35 sami-VirtualBox kernel: [    0.776722] ledtrig-cpu: registered to indicate activity on CPUs
Sep 23 20:34:35 sami-VirtualBox kernel: [    0.776825] intel_pmc_core intel_pmc_core.0:  initialized
Sep 23 20:34:35 sami-VirtualBox kernel: [    0.776848] drop_monitor: Initializing network drop monitor service
Sep 23 20:34:35 sami-VirtualBox kernel: [    0.777021] NET: Registered protocol family 10
Sep 23 20:34:35 sami-VirtualBox kernel: [    0.784017] Segment Routing with IPv6
Sep 23 20:34:35 sami-VirtualBox kernel: [    0.784047] NET: Registered protocol family 17
Sep 23 20:34:35 sami-VirtualBox kernel: [    0.784115] Key type dns_resolver registered
Sep 23 20:34:35 sami-VirtualBox kernel: [    0.784231] RAS: Correctable Errors collector initialized.
Sep 23 20:34:35 sami-VirtualBox kernel: [    0.784242] IPI shorthand broadcast: enabled
Sep 23 20:34:35 sami-VirtualBox kernel: [    0.784251] sched_clock: Marking stable (768313529, 13158154)->(784379589, -2907906)
Sep 23 20:34:35 sami-VirtualBox kernel: [    0.784312] registered taskstats version 1
Sep 23 20:34:35 sami-VirtualBox kernel: [    0.784320] Loading compiled-in X.509 certificates
Sep 23 20:34:35 sami-VirtualBox kernel: [    0.785097] Loaded X.509 cert 'Build time autogenerated kernel key: 5aa626cbe865232f20021a0a6b2c5343f252875d'
Sep 23 20:34:35 sami-VirtualBox kernel: [    0.785119] zswap: loaded using pool lzo/zbud
Sep 23 20:34:35 sami-VirtualBox kernel: [    0.785194] Key type ._fscrypt registered
Sep 23 20:34:35 sami-VirtualBox kernel: [    0.785195] Key type .fscrypt registered
Sep 23 20:34:35 sami-VirtualBox kernel: [    0.791291] Key type big_key registered
Sep 23 20:34:35 sami-VirtualBox kernel: [    0.794556] Key type encrypted registered
Sep 23 20:34:35 sami-VirtualBox kernel: [    0.794559] AppArmor: AppArmor sha1 policy hashing enabled
Sep 23 20:34:35 sami-VirtualBox kernel: [    0.794564] ima: No TPM chip found, activating TPM-bypass!
Sep 23 20:34:35 sami-VirtualBox kernel: [    0.794571] ima: Allocated hash algorithm: sha1
Sep 23 20:34:35 sami-VirtualBox kernel: [    0.794577] ima: No architecture policies found
Sep 23 20:34:35 sami-VirtualBox kernel: [    0.794587] evm: Initialising EVM extended attributes:
Sep 23 20:34:35 sami-VirtualBox kernel: [    0.794588] evm: security.selinux
Sep 23 20:34:35 sami-VirtualBox kernel: [    0.794588] evm: security.SMACK64
Sep 23 20:34:35 sami-VirtualBox kernel: [    0.794589] evm: security.SMACK64EXEC
Sep 23 20:34:35 sami-VirtualBox kernel: [    0.794589] evm: security.SMACK64TRANSMUTE
Sep 23 20:34:35 sami-VirtualBox kernel: [    0.794589] evm: security.SMACK64MMAP
Sep 23 20:34:35 sami-VirtualBox kernel: [    0.794590] evm: security.apparmor
Sep 23 20:34:35 sami-VirtualBox kernel: [    0.794590] evm: security.ima
Sep 23 20:34:35 sami-VirtualBox kernel: [    0.794591] evm: security.capability
Sep 23 20:34:35 sami-VirtualBox kernel: [    0.794592] evm: HMAC attrs: 0x1
Sep 23 20:34:35 sami-VirtualBox kernel: [    0.794907] PM:   Magic number: 4:62:562
Sep 23 20:34:35 sami-VirtualBox kernel: [    0.795022] rtc_cmos rtc_cmos: setting system clock to 2020-09-24T02:34:19 UTC (1600914859)
Sep 23 20:34:35 sami-VirtualBox kernel: [    0.873866] ata2.00: ATAPI: VBOX CD-ROM, 1.0, max UDMA/133
Sep 23 20:34:35 sami-VirtualBox kernel: [    0.874972] scsi 1:0:0:0: CD-ROM            VBOX     CD-ROM           1.0  PQ: 0 ANSI: 5
Sep 23 20:34:35 sami-VirtualBox kernel: [    0.898611] sr 1:0:0:0: [sr0] scsi3-mmc drive: 32x/32x xa/form2 tray
Sep 23 20:34:35 sami-VirtualBox kernel: [    0.898615] cdrom: Uniform CD-ROM driver Revision: 3.20
Sep 23 20:34:35 sami-VirtualBox kernel: [    0.898834] sr 1:0:0:0: Attached scsi CD-ROM sr0
Sep 23 20:34:35 sami-VirtualBox kernel: [    0.899053] sr 1:0:0:0: Attached scsi generic sg0 type 5
Sep 23 20:34:35 sami-VirtualBox kernel: [    0.900580] Freeing unused decrypted memory: 2040K
Sep 23 20:34:35 sami-VirtualBox kernel: [    0.900967] Freeing unused kernel image memory: 2716K
Sep 23 20:34:35 sami-VirtualBox kernel: [    0.909609] Write protecting the kernel read-only data: 22528k
Sep 23 20:34:35 sami-VirtualBox kernel: [    0.910103] Freeing unused kernel image memory: 2008K
Sep 23 20:34:35 sami-VirtualBox kernel: [    0.910302] Freeing unused kernel image memory: 1188K
Sep 23 20:34:35 sami-VirtualBox kernel: [    0.921299] x86/mm: Checked W+X mappings: passed, no W+X pages found.
Sep 23 20:34:35 sami-VirtualBox kernel: [    0.921301] x86/mm: Checking user space page tables
Sep 23 20:34:35 sami-VirtualBox kernel: [    0.932054] x86/mm: Checked W+X mappings: passed, no W+X pages found.
Sep 23 20:34:35 sami-VirtualBox kernel: [    0.932058] Run /init as init process
Sep 23 20:34:35 sami-VirtualBox kernel: [    1.052070] ACPI: Video Device [GFX0] (multi-head: yes  rom: no  post: no)
Sep 23 20:34:35 sami-VirtualBox kernel: [    1.052140] input: Video Bus as /devices/LNXSYSTM:00/LNXSYBUS:00/PNP0A03:00/LNXVIDEO:00/input/input4
Sep 23 20:34:35 sami-VirtualBox kernel: [    1.068072] e1000: Intel(R) PRO/1000 Network Driver - version 7.3.21-k8-NAPI
Sep 23 20:34:35 sami-VirtualBox kernel: [    1.068073] e1000: Copyright (c) 1999-2006 Intel Corporation.
Sep 23 20:34:35 sami-VirtualBox kernel: [    1.072550] piix4_smbus 0000:00:07.0: SMBus Host Controller at 0x4100, revision 0
Sep 23 20:34:35 sami-VirtualBox kernel: [    1.083594] ahci 0000:00:0d.0: version 3.0
Sep 23 20:34:35 sami-VirtualBox kernel: [    1.084444] ahci 0000:00:0d.0: SSS flag set, parallel bus scan disabled
Sep 23 20:34:35 sami-VirtualBox kernel: [    1.084614] ahci 0000:00:0d.0: AHCI 0001.0100 32 slots 1 ports 3 Gbps 0x1 impl SATA mode
Sep 23 20:34:35 sami-VirtualBox kernel: [    1.084616] ahci 0000:00:0d.0: flags: 64bit ncq stag only ccc 
Sep 23 20:34:35 sami-VirtualBox kernel: [    1.096770] scsi host2: ahci
Sep 23 20:34:35 sami-VirtualBox kernel: [    1.096850] ata3: SATA max UDMA/133 abar m8192@0xf1806000 port 0xf1806100 irq 21
Sep 23 20:34:35 sami-VirtualBox kernel: [    1.298979] input: ImExPS/2 Generic Explorer Mouse as /devices/platform/i8042/serio1/input/input5
Sep 23 20:34:35 sami-VirtualBox kernel: [    1.411220] ata3: SATA link up 3.0 Gbps (SStatus 123 SControl 300)
Sep 23 20:34:35 sami-VirtualBox kernel: [    1.411692] ata3.00: ATA-6: VBOX HARDDISK, 1.0, max UDMA/133
Sep 23 20:34:35 sami-VirtualBox kernel: [    1.411694] ata3.00: 104857600 sectors, multi 128: LBA48 NCQ (depth 32)
Sep 23 20:34:35 sami-VirtualBox kernel: [    1.421995] ata3.00: configured for UDMA/133
Sep 23 20:34:35 sami-VirtualBox kernel: [    1.422115] scsi 2:0:0:0: Direct-Access     ATA      VBOX HARDDISK    1.0  PQ: 0 ANSI: 5
Sep 23 20:34:35 sami-VirtualBox kernel: [    1.422350] sd 2:0:0:0: [sda] 104857600 512-byte logical blocks: (53.7 GB/50.0 GiB)
Sep 23 20:34:35 sami-VirtualBox kernel: [    1.422387] sd 2:0:0:0: [sda] Write Protect is off
Sep 23 20:34:35 sami-VirtualBox kernel: [    1.422388] sd 2:0:0:0: [sda] Mode Sense: 00 3a 00 00
Sep 23 20:34:35 sami-VirtualBox kernel: [    1.422401] sd 2:0:0:0: [sda] Write cache: enabled, read cache: enabled, doesn't support DPO or FUA
Sep 23 20:34:35 sami-VirtualBox kernel: [    1.422622] sd 2:0:0:0: Attached scsi generic sg1 type 0
Sep 23 20:34:35 sami-VirtualBox kernel: [    1.429184]  sda: sda1 sda2 < sda5 >
Sep 23 20:34:35 sami-VirtualBox kernel: [    1.429516] sd 2:0:0:0: [sda] Attached SCSI disk
Sep 23 20:34:35 sami-VirtualBox kernel: [    1.568222] e1000 0000:00:03.0 eth0: (PCI:33MHz:32-bit) 08:00:27:94:c5:0f
Sep 23 20:34:35 sami-VirtualBox kernel: [    1.568227] e1000 0000:00:03.0 eth0: Intel(R) PRO/1000 Network Connection
Sep 23 20:34:35 sami-VirtualBox kernel: [    1.569519] e1000 0000:00:03.0 enp0s3: renamed from eth0
Sep 23 20:34:35 sami-VirtualBox kernel: [    1.626235] EXT4-fs (sda5): mounted filesystem with ordered data mode. Opts: (null)
Sep 23 20:34:35 sami-VirtualBox kernel: [    1.777650] systemd[1]: Inserted module 'autofs4'
Sep 23 20:34:35 sami-VirtualBox kernel: [    1.795169] systemd[1]: systemd 245.4-4ubuntu3.2 running in system mode. (+PAM +AUDIT +SELINUX +IMA +APPARMOR +SMACK +SYSVINIT +UTMP +LIBCRYPTSETUP +GCRYPT +GNUTLS +ACL +XZ +LZ4 +SECCOMP +BLKID +ELFUTILS +KMOD +IDN2 -IDN +PCRE2 default-hierarchy=hybrid)
Sep 23 20:34:35 sami-VirtualBox kernel: [    1.795212] systemd[1]: Detected virtualization oracle.
Sep 23 20:34:35 sami-VirtualBox kernel: [    1.795217] systemd[1]: Detected architecture x86-64.
Sep 23 20:34:35 sami-VirtualBox kernel: [    1.796991] systemd[1]: Set hostname to <sami-VirtualBox>.
Sep 23 20:34:35 sami-VirtualBox kernel: [    1.800378] systemd[1]: Initializing machine ID from random generator.
Sep 23 20:34:35 sami-VirtualBox kernel: [    1.800421] systemd[1]: Installed transient /etc/machine-id file.
Sep 23 20:34:35 sami-VirtualBox kernel: [    1.975114] systemd[1]: /lib/systemd/system/dbus.socket:5: ListenStream= references a path below legacy directory /var/run/, updating /var/run/dbus/system_bus_socket â†’ /run/dbus/system_bus_socket; please update the unit file accordingly.
Sep 23 20:34:35 sami-VirtualBox kernel: [    2.079348] systemd[1]: Created slice system-modprobe.slice.
Sep 23 20:34:35 sami-VirtualBox kernel: [    2.079612] systemd[1]: Created slice system-systemd\x2dfsck.slice.
Sep 23 20:34:35 sami-VirtualBox kernel: [    2.079824] systemd[1]: Created slice User and Session Slice.
Sep 23 20:34:35 sami-VirtualBox kernel: [    2.079895] systemd[1]: Started Forward Password Requests to Wall Directory Watch.
Sep 23 20:34:35 sami-VirtualBox kernel: [    2.080118] systemd[1]: Set up automount Arbitrary Executable File Formats File System Automount Point.
Sep 23 20:34:35 sami-VirtualBox kernel: [    2.080163] systemd[1]: Reached target User and Group Name Lookups.
Sep 23 20:34:35 sami-VirtualBox kernel: [    2.080183] systemd[1]: Reached target Remote File Systems.
Sep 23 20:34:35 sami-VirtualBox kernel: [    2.080194] systemd[1]: Reached target Slices.
Sep 23 20:34:35 sami-VirtualBox kernel: [    2.081239] systemd[1]: Listening on Syslog Socket.
Sep 23 20:34:35 sami-VirtualBox kernel: [    2.081411] systemd[1]: Listening on fsck to fsckd communication Socket.
Sep 23 20:34:35 sami-VirtualBox kernel: [    2.081480] systemd[1]: Listening on initctl Compatibility Named Pipe.
Sep 23 20:34:35 sami-VirtualBox systemd-modules-load[234]: Inserted module 'lp'
Sep 23 20:34:35 sami-VirtualBox systemd-modules-load[234]: Inserted module 'ppdev'
Sep 23 20:34:35 sami-VirtualBox systemd-modules-load[234]: Inserted module 'parport_pc'
Sep 23 20:34:35 sami-VirtualBox systemd-modules-load[234]: Module 'fuse' is built in
Sep 23 20:34:35 sami-VirtualBox systemd-sysusers[245]: Creating group systemd-coredump with gid 999.
Sep 23 20:34:35 sami-VirtualBox systemd-sysusers[245]: Creating user systemd-coredump (systemd Core Dumper) with uid 999 and gid 999.
Sep 23 20:34:35 sami-VirtualBox systemd-modules-load[234]: Inserted module 'vmwgfx'
Sep 23 20:34:35 sami-VirtualBox systemd-sysctl[255]: Not setting net/ipv4/conf/all/promote_secondaries (explicit setting exists).
Sep 23 20:34:35 sami-VirtualBox systemd-sysctl[255]: Not setting net/ipv4/conf/default/promote_secondaries (explicit setting exists).
Sep 23 20:34:35 sami-VirtualBox systemd[1]: Starting Flush Journal to Persistent Storage...
Sep 23 20:34:35 sami-VirtualBox systemd[1]: Activated swap /swapfile.
Sep 23 20:34:35 sami-VirtualBox systemd[1]: Reached target Swap.
Sep 23 20:34:35 sami-VirtualBox systemd[1]: Finished Flush Journal to Persistent Storage.
Sep 23 20:34:35 sami-VirtualBox systemd[1]: Started udev Kernel Device Manager.
Sep 23 20:34:35 sami-VirtualBox systemd[1]: Starting Show Plymouth Boot Screen...
Sep 23 20:34:35 sami-VirtualBox systemd[1]: Received SIGRTMIN+20 from PID 265 (plymouthd).
Sep 23 20:34:35 sami-VirtualBox systemd[1]: Started Show Plymouth Boot Screen.
Sep 23 20:34:35 sami-VirtualBox systemd[1]: Condition check resulted in Dispatch Password Requests to Console Directory Watch being skipped.
Sep 23 20:34:35 sami-VirtualBox systemd[1]: Started Forward Password Requests to Plymouth Directory Watch.
Sep 23 20:34:35 sami-VirtualBox systemd[1]: Reached target Local Encrypted Volumes.
Sep 23 20:34:35 sami-VirtualBox systemd-udevd[279]: Using default interface naming scheme 'v245'.
Sep 23 20:34:35 sami-VirtualBox systemd-udevd[279]: ethtool: autonegotiation is unset or enabled, the speed and duplex are not writable.
Sep 23 20:34:35 sami-VirtualBox systemd[1]: Listening on Load/Save RF Kill Switch Status /dev/rfkill Watch.
Sep 23 20:34:35 sami-VirtualBox systemd-udevd[269]: ethtool: autonegotiation is unset or enabled, the speed and duplex are not writable.
Sep 23 20:34:35 sami-VirtualBox systemd[1]: Found device VBOX_HARDDISK 1.
Sep 23 20:34:35 sami-VirtualBox systemd[1]: Starting File System Check on /dev/disk/by-uuid/11CF-3CAB...
Sep 23 20:34:35 sami-VirtualBox systemd[1]: Started File System Check Daemon to report status.
Sep 23 20:34:35 sami-VirtualBox systemd-fsck[393]: fsck.fat 4.1 (2017-01-24)
Sep 23 20:34:35 sami-VirtualBox systemd-fsck[393]: /dev/sda1: 0 files, 1/130812 clusters
Sep 23 20:34:35 sami-VirtualBox systemd[1]: Finished File System Check on /dev/disk/by-uuid/11CF-3CAB.
Sep 23 20:34:35 sami-VirtualBox systemd[1]: Mounting /boot/efi...
Sep 23 20:34:35 sami-VirtualBox systemd[1]: Mounted /boot/efi.
Sep 23 20:34:35 sami-VirtualBox systemd[1]: Reached target Local File Systems.
Sep 23 20:34:35 sami-VirtualBox systemd[1]: Starting Load AppArmor profiles...
Sep 23 20:34:35 sami-VirtualBox systemd[1]: Starting Set console font and keymap...
Sep 23 20:34:35 sami-VirtualBox systemd[1]: Starting Tell Plymouth To Write Out Runtime Data...
Sep 23 20:34:35 sami-VirtualBox systemd[1]: Condition check resulted in Store a System Token in an EFI Variable being skipped.
Sep 23 20:34:35 sami-VirtualBox systemd[1]: Starting Commit a transient machine-id on disk...
Sep 23 20:34:35 sami-VirtualBox systemd[1]: Starting Create Volatile Files and Directories...
Sep 23 20:34:35 sami-VirtualBox apparmor.systemd[396]: Restarting AppArmor
Sep 23 20:34:35 sami-VirtualBox apparmor.systemd[396]: Reloading AppArmor profiles
Sep 23 20:34:35 sami-VirtualBox systemd[1]: Finished Set console font and keymap.
Sep 23 20:34:35 sami-VirtualBox systemd[1]: plymouth-read-write.service: Succeeded.
Sep 23 20:34:35 sami-VirtualBox systemd[1]: Finished Tell Plymouth To Write Out Runtime Data.
Sep 23 20:34:35 sami-VirtualBox systemd[1]: etc-machine\x2did.mount: Succeeded.
Sep 23 20:34:35 sami-VirtualBox systemd[1]: Finished Commit a transient machine-id on disk.
Sep 23 20:34:35 sami-VirtualBox systemd[1]: Received SIGRTMIN+20 from PID 265 (plymouthd).
Sep 23 20:34:35 sami-VirtualBox systemd[1]: Finished Create Volatile Files and Directories.
Sep 23 20:34:35 sami-VirtualBox systemd[1]: Starting Network Name Resolution...
Sep 23 20:34:35 sami-VirtualBox systemd[1]: Starting Network Time Synchronization...
Sep 23 20:34:35 sami-VirtualBox systemd[1]: Starting Update UTMP about System Boot/Shutdown...
Sep 23 20:34:35 sami-VirtualBox systemd[1]: Finished Update UTMP about System Boot/Shutdown.
Sep 23 20:34:35 sami-VirtualBox systemd-resolved[408]: Positive Trust Anchors:
Sep 23 20:34:35 sami-VirtualBox systemd-resolved[408]: . IN DS 20326 8 2 e06d44b80b8f1d39a95c0b0d7c65d08458e880409bbc683457104237c7f8ec8d
Sep 23 20:34:35 sami-VirtualBox systemd-resolved[408]: Negative trust anchors: 10.in-addr.arpa 16.172.in-addr.arpa 17.172.in-addr.arpa 18.172.in-addr.arpa 19.172.in-addr.arpa 20.172.in-addr.arpa 21.172.in-addr.arpa 22.172.in-addr.arpa 23.172.in-addr.arpa 24.172.in-addr.arpa 25.172.in-addr.arpa 26.172.in-addr.arpa 27.172.in-addr.arpa 28.172.in-addr.arpa 29.172.in-addr.arpa 30.172.in-addr.arpa 31.172.in-addr.arpa 168.192.in-addr.arpa d.f.ip6.arpa corp home internal intranet lan local private test
Sep 23 20:34:35 sami-VirtualBox systemd[1]: Started Network Time Synchronization.
Sep 23 20:34:35 sami-VirtualBox systemd[1]: Reached target System Time Set.
Sep 23 20:34:35 sami-VirtualBox systemd[1]: Reached target System Time Synchronized.
Sep 23 20:34:35 sami-VirtualBox systemd-resolved[408]: Using system hostname 'sami-VirtualBox'.
Sep 23 20:34:35 sami-VirtualBox systemd[1]: Started Network Name Resolution.
Sep 23 20:34:35 sami-VirtualBox systemd[1]: Reached target Host and Network Name Lookups.
Sep 23 20:34:35 sami-VirtualBox systemd[1]: Condition check resulted in Dispatch Password Requests to Console Directory Watch being skipped.
Sep 23 20:34:35 sami-VirtualBox systemd[1]: Starting Tell Plymouth To Write Out Runtime Data...
Sep 23 20:34:35 sami-VirtualBox systemd[1]: Condition check resulted in Set Up Additional Binary Formats being skipped.
Sep 23 20:34:35 sami-VirtualBox systemd[1]: Condition check resulted in Store a System Token in an EFI Variable being skipped.
Sep 23 20:34:35 sami-VirtualBox systemd[1]: Condition check resulted in Rebuild Hardware Database being skipped.
Sep 23 20:34:35 sami-VirtualBox systemd[1]: Condition check resulted in Platform Persistent Storage Archival being skipped.
Sep 23 20:34:35 sami-VirtualBox systemd[1]: Received SIGRTMIN+20 from PID 265 (plymouthd).
Sep 23 20:34:35 sami-VirtualBox systemd[1]: plymouth-read-write.service: Succeeded.
Sep 23 20:34:35 sami-VirtualBox systemd[1]: Finished Tell Plymouth To Write Out Runtime Data.
Sep 23 20:34:35 sami-VirtualBox systemd-udevd[262]: controlC0: Process '/usr/sbin/alsactl -E HOME=/run/alsa -E XDG_RUNTIME_DIR=/run/alsa/runtime restore 0' failed with exit code 99.
Sep 23 20:34:35 sami-VirtualBox apparmor.systemd[419]: Skipping profile in /etc/apparmor.d/disable: usr.sbin.rsyslogd
Sep 23 20:34:35 sami-VirtualBox apparmor.systemd[423]: Skipping profile in /etc/apparmor.d/disable: usr.bin.firefox
Sep 23 20:34:35 sami-VirtualBox systemd[1]: Finished Load AppArmor profiles.
Sep 23 20:34:35 sami-VirtualBox systemd[1]: Starting Load AppArmor profiles managed internally by snapd...
Sep 23 20:34:35 sami-VirtualBox systemd[1]: Condition check resulted in Authentication service for virtual machines hosted on VMware being skipped.
Sep 23 20:34:35 sami-VirtualBox systemd[1]: Condition check resulted in Service for virtual machines hosted on VMware being skipped.
Sep 23 20:34:35 sami-VirtualBox snapd-apparmor[428]: find: â€˜/var/lib/snapd/apparmor/profiles/â€™: No such file or directory
Sep 23 20:34:35 sami-VirtualBox systemd[1]: Finished Load AppArmor profiles managed internally by snapd.
Sep 23 20:34:35 sami-VirtualBox systemd[1]: Reached target System Initialization.
Sep 23 20:34:35 sami-VirtualBox systemd[1]: Started ACPI Events Check.
Sep 23 20:34:35 sami-VirtualBox systemd[1]: Condition check resulted in Process error reports when automatic reporting is enabled (file watch) being skipped.
Sep 23 20:34:35 sami-VirtualBox systemd[1]: Started CUPS Scheduler.
Sep 23 20:34:35 sami-VirtualBox systemd[1]: Started Trigger anacron every hour.
Sep 23 20:34:35 sami-VirtualBox systemd[1]: Started Daily apt download activities.
Sep 23 20:34:35 sami-VirtualBox systemd[1]: Started Daily apt upgrade and clean activities.
Sep 23 20:34:35 sami-VirtualBox systemd[1]: Started Periodic ext4 Online Metadata Check for All Filesystems.
Sep 23 20:34:35 sami-VirtualBox systemd[1]: Started Discard unused blocks once a week.
Sep 23 20:34:35 sami-VirtualBox systemd[1]: Started Refresh fwupd metadata regularly.
Sep 23 20:34:35 sami-VirtualBox systemd[1]: Started Daily rotation of log files.
Sep 23 20:34:35 sami-VirtualBox systemd[1]: Started Daily man-db regeneration.
Sep 23 20:34:35 sami-VirtualBox systemd[1]: Started Message of the Day.
Sep 23 20:34:35 sami-VirtualBox systemd[1]: Condition check resulted in Timer to automatically fetch and run repair assertions being skipped.
Sep 23 20:34:35 sami-VirtualBox systemd[1]: Started Daily Cleanup of Temporary Directories.
Sep 23 20:34:35 sami-VirtualBox systemd[1]: Reached target Paths.
Sep 23 20:34:35 sami-VirtualBox systemd[1]: Reached target Timers.
Sep 23 20:34:35 sami-VirtualBox systemd[1]: Listening on ACPID Listen Socket.
Sep 23 20:34:35 sami-VirtualBox systemd[1]: Condition check resulted in Unix socket for apport crash forwarding being skipped.
Sep 23 20:34:35 sami-VirtualBox systemd[1]: Listening on Avahi mDNS/DNS-SD Stack Activation Socket.
Sep 23 20:34:35 sami-VirtualBox systemd[1]: Listening on CUPS Scheduler.
Sep 23 20:34:35 sami-VirtualBox systemd[1]: Listening on D-Bus System Message Bus Socket.
Sep 23 20:34:35 sami-VirtualBox systemd[1]: Starting Socket activation for snappy daemon.
Sep 23 20:34:35 sami-VirtualBox systemd[1]: Listening on UUID daemon activation socket.
Sep 23 20:34:35 sami-VirtualBox systemd[1]: Listening on Socket activation for snappy daemon.
Sep 23 20:34:35 sami-VirtualBox systemd[1]: Reached target Sockets.
Sep 23 20:34:35 sami-VirtualBox systemd[1]: Reached target Basic System.
Sep 23 20:34:35 sami-VirtualBox systemd[1]: Starting Accounts Service...
Sep 23 20:34:35 sami-VirtualBox systemd[1]: Started ACPI event daemon.
Sep 23 20:34:35 sami-VirtualBox acpid: starting up with netlink and the input layer
Sep 23 20:34:35 sami-VirtualBox systemd[1]: Started Run anacron jobs.
Sep 23 20:34:35 sami-VirtualBox anacron[435]: Anacron 2.3 started on 2020-09-23
Sep 23 20:34:35 sami-VirtualBox acpid: 8 rules loaded
Sep 23 20:34:35 sami-VirtualBox acpid: waiting for events: event logging is off
Sep 23 20:34:35 sami-VirtualBox anacron[435]: Will run job `cron.daily' in 5 min.
Sep 23 20:34:35 sami-VirtualBox anacron[435]: Will run job `cron.weekly' in 10 min.
Sep 23 20:34:35 sami-VirtualBox anacron[435]: Will run job `cron.monthly' in 15 min.
Sep 23 20:34:35 sami-VirtualBox anacron[435]: Jobs will be executed sequentially
Sep 23 20:34:35 sami-VirtualBox systemd[1]: Starting LSB: automatic crash report generation...
Sep 23 20:34:35 sami-VirtualBox systemd[1]: Starting Avahi mDNS/DNS-SD Stack...
Sep 23 20:34:35 sami-VirtualBox systemd[1]: Started Regular background program processing daemon.
Sep 23 20:34:35 sami-VirtualBox avahi-daemon[437]: Found user 'avahi' (UID 115) and group 'avahi' (GID 121).
Sep 23 20:34:35 sami-VirtualBox cron[439]: (CRON) INFO (pidfile fd = 3)
Sep 23 20:34:35 sami-VirtualBox systemd[1]: Started CUPS Scheduler.
Sep 23 20:34:35 sami-VirtualBox cron[439]: (CRON) INFO (Running @reboot jobs)
Sep 23 20:34:35 sami-VirtualBox systemd[1]: Started D-Bus System Message Bus.
Sep 23 20:34:35 sami-VirtualBox systemd[1]: Starting Network Manager...
Sep 23 20:34:35 sami-VirtualBox systemd[1]: Started Save initial kernel messages after boot.
Sep 23 20:34:35 sami-VirtualBox systemd[1]: Starting Remove Stale Online ext4 Metadata Check Snapshots...
Sep 23 20:34:35 sami-VirtualBox systemd[1]: Condition check resulted in getty on tty2-tty6 if dbus and logind are not available being skipped.
Sep 23 20:34:35 sami-VirtualBox systemd[1]: Reached target Login Prompts.
Sep 23 20:34:35 sami-VirtualBox systemd[1]: Starting Detect the available GPUs and deal with any system changes...
Sep 23 20:34:35 sami-VirtualBox systemd[1]: Starting LSB: Record successful boot for GRUB...
Sep 23 20:34:35 sami-VirtualBox systemd[1]: Starting GRUB failed boot detection...
Sep 23 20:34:35 sami-VirtualBox systemd[1]: Started irqbalance daemon.
Sep 23 20:34:35 sami-VirtualBox systemd[1]: Starting Dispatcher daemon for systemd-networkd...
Sep 23 20:34:35 sami-VirtualBox systemd[1]: Condition check resulted in Set the CPU Frequency Scaling governor being skipped.
Sep 23 20:34:35 sami-VirtualBox systemd[1]: Starting Authorization Manager...
Sep 23 20:34:35 sami-VirtualBox systemd[1]: Starting Restore /etc/resolv.conf if the system crashed before the ppp link was shut down...
Sep 23 20:34:35 sami-VirtualBox systemd[1]: Starting System Logging Service...
Sep 23 20:34:35 sami-VirtualBox systemd[1]: Condition check resulted in Secure Boot updates for DB and DBX being skipped.
Sep 23 20:34:35 sami-VirtualBox systemd[1]: Condition check resulted in Automatically repair incorrect owner/permissions on core devices being skipped.
Sep 23 20:34:35 sami-VirtualBox systemd[1]: Condition check resulted in Wait for the Ubuntu Core chooser trigger being skipped.
Sep 23 20:34:35 sami-VirtualBox /usr/sbin/irqbalance: Balancing is ineffective on systems with a single cpu.  Shutting down
Sep 23 20:34:35 sami-VirtualBox systemd[1]: Starting Snap Daemon...
Sep 23 20:34:34 sami-VirtualBox systemd[1]: Starting Switcheroo Control Proxy service...
Sep 23 20:34:34 sami-VirtualBox systemd[1]: Starting Login Service...
Sep 23 20:34:35 sami-VirtualBox systemd[1]: Starting Thermal Daemon Service...
Sep 23 20:34:35 sami-VirtualBox systemd[1]: Starting Disk Manager...
Sep 23 20:34:35 sami-VirtualBox systemd[1]: Starting WPA supplicant...
Sep 23 20:34:35 sami-VirtualBox systemd[1]: e2scrub_reap.service: Succeeded.
Sep 23 20:34:35 sami-VirtualBox systemd[1]: Finished Remove Stale Online ext4 Metadata Check Snapshots.
Sep 23 20:34:35 sami-VirtualBox udisksd[480]: udisks daemon version 2.8.4 starting
Sep 23 20:34:35 sami-VirtualBox systemd[1]: gpu-manager.service: Succeeded.
Sep 23 20:34:35 sami-VirtualBox systemd[1]: Finished Detect the available GPUs and deal with any system changes.
Sep 23 20:34:35 sami-VirtualBox systemd[1]: irqbalance.service: Succeeded.
Sep 23 20:34:35 sami-VirtualBox systemd[1]: pppd-dns.service: Succeeded.
Sep 23 20:34:35 sami-VirtualBox systemd[1]: Finished Restore /etc/resolv.conf if the system crashed before the ppp link was shut down.
Sep 23 20:34:35 sami-VirtualBox systemd[1]: grub-initrd-fallback.service: Succeeded.
Sep 23 20:34:35 sami-VirtualBox NetworkManager[443]: <info>  [1600914875.5353] NetworkManager (version 1.22.10) is starting... (for the first time)
Sep 23 20:34:35 sami-VirtualBox NetworkManager[443]: <info>  [1600914875.5381] Read config: /etc/NetworkManager/NetworkManager.conf (lib: 10-dns-resolved.conf, 20-connectivity-ubuntu.conf, no-mac-addr-change.conf) (run: 10-globally-managed-devices.conf) (etc: default-wifi-powersave-on.conf)
Sep 23 20:34:35 sami-VirtualBox systemd[1]: Finished GRUB failed boot detection.
Sep 23 20:34:35 sami-VirtualBox avahi-daemon[437]: Successfully dropped root privileges.
Sep 23 20:34:35 sami-VirtualBox avahi-daemon[437]: avahi-daemon 0.7 starting up.
Sep 23 20:34:35 sami-VirtualBox rsyslogd: imuxsock: Acquired UNIX socket '/run/systemd/journal/syslog' (fd 3) from systemd.  [v8.2001.0]
Sep 23 20:34:35 sami-VirtualBox rsyslogd: rsyslogd's groupid changed to 110
Sep 23 20:34:35 sami-VirtualBox rsyslogd: rsyslogd's userid changed to 104
Sep 23 20:34:35 sami-VirtualBox rsyslogd: [origin software="rsyslogd" swVersion="8.2001.0" x-pid="465" x-info="https://www.rsyslog.com"] start
Sep 23 20:34:35 sami-VirtualBox systemd[1]: Started System Logging Service.
Sep 23 20:34:35 sami-VirtualBox kernel: [    2.081831] systemd[1]: Listening on Journal Audit Socket.
Sep 23 20:34:35 sami-VirtualBox kernel: [    2.081947] systemd[1]: Listening on Journal Socket (/dev/log).
Sep 23 20:34:35 sami-VirtualBox kernel: [    2.082071] systemd[1]: Listening on Journal Socket.
Sep 23 20:34:35 sami-VirtualBox kernel: [    2.082190] systemd[1]: Listening on udev Control Socket.
Sep 23 20:34:35 sami-VirtualBox kernel: [    2.082274] systemd[1]: Listening on udev Kernel Socket.
Sep 23 20:34:35 sami-VirtualBox kernel: [    2.083599] systemd[1]: Mounting Huge Pages File System...
Sep 23 20:34:35 sami-VirtualBox kernel: [    2.084648] systemd[1]: Mounting POSIX Message Queue File System...
Sep 23 20:34:35 sami-VirtualBox kernel: [    2.085787] systemd[1]: Mounting Kernel Debug File System...
Sep 23 20:34:35 sami-VirtualBox kernel: [    2.087562] systemd[1]: Mounting Kernel Trace File System...
Sep 23 20:34:35 sami-VirtualBox kernel: [    2.098109] systemd[1]: Starting Journal Service...
Sep 23 20:34:35 sami-VirtualBox kernel: [    2.113312] systemd[1]: Starting Set the console keyboard layout...
Sep 23 20:34:35 sami-VirtualBox kernel: [    2.125177] systemd[1]: Starting Create list of static device nodes for the current kernel...
Sep 23 20:34:35 sami-VirtualBox kernel: [    2.134381] systemd[1]: Starting Load Kernel Module drm...
Sep 23 20:34:35 sami-VirtualBox kernel: [    2.140786] systemd[1]: Condition check resulted in Set Up Additional Binary Formats being skipped.
Sep 23 20:34:35 sami-VirtualBox kernel: [    2.140839] systemd[1]: Condition check resulted in File System Check on Root Device being skipped.
Sep 23 20:34:35 sami-VirtualBox kernel: [    2.149682] systemd[1]: Starting Load Kernel Modules...
Sep 23 20:34:35 sami-VirtualBox kernel: [    2.157035] systemd[1]: Starting Remount Root and Kernel File Systems...
Sep 23 20:34:35 sami-VirtualBox kernel: [    2.173782] systemd[1]: Starting udev Coldplug all Devices...
Sep 23 20:34:35 sami-VirtualBox kernel: [    2.187654] systemd[1]: Starting Uncomplicated firewall...
Sep 23 20:34:35 sami-VirtualBox kernel: [    2.197800] EXT4-fs (sda5): re-mounted. Opts: errors=remount-ro
Sep 23 20:34:35 sami-VirtualBox kernel: [    2.200599] systemd[1]: Mounted Huge Pages File System.
Sep 23 20:34:35 sami-VirtualBox kernel: [    2.200726] systemd[1]: Mounted POSIX Message Queue File System.
Sep 23 20:34:35 sami-VirtualBox kernel: [    2.200828] systemd[1]: Mounted Kernel Debug File System.
Sep 23 20:34:35 sami-VirtualBox kernel: [    2.200934] systemd[1]: Mounted Kernel Trace File System.
Sep 23 20:34:35 sami-VirtualBox kernel: [    2.202464] systemd[1]: Finished Create list of static device nodes for the current kernel.
Sep 23 20:34:35 sami-VirtualBox kernel: [    2.213733] systemd[1]: modprobe@drm.service: Succeeded.
Sep 23 20:34:35 sami-VirtualBox kernel: [    2.217653] systemd[1]: Finished Load Kernel Module drm.
Sep 23 20:34:35 sami-VirtualBox kernel: [    2.220154] systemd[1]: Finished Remount Root and Kernel File Systems.
Sep 23 20:34:35 sami-VirtualBox kernel: [    2.221701] systemd[1]: Finished Uncomplicated firewall.
Sep 23 20:34:35 sami-VirtualBox kernel: [    2.225997] systemd[1]: Activating swap /swapfile...
Sep 23 20:34:35 sami-VirtualBox kernel: [    2.229513] systemd[1]: Condition check resulted in Rebuild Hardware Database being skipped.
Sep 23 20:34:35 sami-VirtualBox kernel: [    2.229580] systemd[1]: Condition check resulted in Platform Persistent Storage Archival being skipped.
Sep 23 20:34:35 sami-VirtualBox kernel: [    2.243914] lp: driver loaded but no devices found
Sep 23 20:34:35 sami-VirtualBox kernel: [    2.246543] systemd[1]: Starting Load/Save Random Seed...
Sep 23 20:34:35 sami-VirtualBox kernel: [    2.268086] systemd[1]: Starting Create System Users...
Sep 23 20:34:35 sami-VirtualBox kernel: [    2.278733] ppdev: user-space parallel port driver
Sep 23 20:34:35 sami-VirtualBox kernel: [    2.293662] systemd[1]: Finished Load/Save Random Seed.
Sep 23 20:34:35 sami-VirtualBox kernel: [    2.341444] systemd[1]: Finished Create System Users.
Sep 23 20:34:35 sami-VirtualBox kernel: [    2.342670] systemd[1]: Starting Create Static Device Nodes in /dev...
Sep 23 20:34:35 sami-VirtualBox kernel: [    2.386682] systemd[1]: Finished Create Static Device Nodes in /dev.
Sep 23 20:34:35 sami-VirtualBox kernel: [    2.387803] systemd[1]: Starting udev Kernel Device Manager...
Sep 23 20:34:35 sami-VirtualBox kernel: [    2.417155] [drm] DMA map mode: Caching DMA mappings.
Sep 23 20:34:35 sami-VirtualBox kernel: [    2.417216] [drm] Capabilities:
Sep 23 20:34:35 sami-VirtualBox kernel: [    2.417216] [drm]   Cursor.
Sep 23 20:34:35 sami-VirtualBox kernel: [    2.417217] [drm]   Cursor bypass 2.
Sep 23 20:34:35 sami-VirtualBox kernel: [    2.417217] [drm]   Alpha cursor.
Sep 23 20:34:35 sami-VirtualBox kernel: [    2.417218] [drm]   3D.
Sep 23 20:34:35 sami-VirtualBox kernel: [    2.417218] [drm]   Extended Fifo.
Sep 23 20:34:35 sami-VirtualBox kernel: [    2.417218] [drm]   Pitchlock.
Sep 23 20:34:35 sami-VirtualBox kernel: [    2.417219] [drm]   Irq mask.
Sep 23 20:34:35 sami-VirtualBox kernel: [    2.417219] [drm]   GMR.
Sep 23 20:34:35 sami-VirtualBox kernel: [    2.417219] [drm]   Traces.
Sep 23 20:34:35 sami-VirtualBox kernel: [    2.417220] [drm]   GMR2.
Sep 23 20:34:35 sami-VirtualBox kernel: [    2.417220] [drm]   Screen Object 2.
Sep 23 20:34:35 sami-VirtualBox kernel: [    2.417221] [drm] Max GMR ids is 8192
Sep 23 20:34:35 sami-VirtualBox kernel: [    2.417222] [drm] Max number of GMR pages is 1048576
Sep 23 20:34:35 sami-VirtualBox kernel: [    2.417223] [drm] Max dedicated hypervisor surface memory is 507904 kiB
Sep 23 20:34:35 sami-VirtualBox kernel: [    2.417223] [drm] Maximum display memory size is 16384 kiB
Sep 23 20:34:35 sami-VirtualBox kernel: [    2.417224] [drm] VRAM at 0xf0000000 size is 16384 kiB
Sep 23 20:34:35 sami-VirtualBox kernel: [    2.417225] [drm] MMIO at 0xf1000000 size is 2048 kiB
Sep 23 20:34:35 sami-VirtualBox kernel: [    2.429726] [TTM] Zone  kernel: Available graphics memory: 1790164 KiB
Sep 23 20:34:35 sami-VirtualBox kernel: [    2.429727] [TTM] Initializing pool allocator
Sep 23 20:34:35 sami-VirtualBox kernel: [    2.429731] [TTM] Initializing DMA pool allocator
Sep 23 20:34:35 sami-VirtualBox kernel: [    2.429757] [drm] Supports vblank timestamp caching Rev 2 (21.10.2013).
Sep 23 20:34:35 sami-VirtualBox kernel: [    2.429757] [drm] No driver support for vblank timestamp query.
Sep 23 20:34:35 sami-VirtualBox kernel: [    2.430024] [drm] Screen Objects Display Unit initialized
Sep 23 20:34:35 sami-VirtualBox kernel: [    2.430251] [drm] width 720
Sep 23 20:34:35 sami-VirtualBox kernel: [    2.430275] [drm] height 400
Sep 23 20:34:35 sami-VirtualBox kernel: [    2.430366] [drm] bpp 32
Sep 23 20:34:35 sami-VirtualBox kernel: [    2.430544] [drm] Fifo max 0x00200000 min 0x00001000 cap 0x00000355
Sep 23 20:34:35 sami-VirtualBox kernel: [    2.430555] [drm] DX: no.
Sep 23 20:34:35 sami-VirtualBox kernel: [    2.430556] [drm] Atomic: yes.
Sep 23 20:34:35 sami-VirtualBox kernel: [    2.430556] [drm] SM4_1: no.
Sep 23 20:34:35 sami-VirtualBox kernel: [    2.430578] [drm:vmw_host_log [vmwgfx]] *ERROR* Failed to send host log message.
Sep 23 20:34:35 sami-VirtualBox kernel: [    2.432034] [drm:vmw_host_log [vmwgfx]] *ERROR* Failed to send host log message.
Sep 23 20:34:35 sami-VirtualBox kernel: [    2.455214] fbcon: svgadrmfb (fb0) is primary device
Sep 23 20:34:35 sami-VirtualBox kernel: [    2.457253] Console: switching to colour frame buffer device 100x37
Sep 23 20:34:35 sami-VirtualBox kernel: [    2.469232] [drm] Initialized vmwgfx 2.15.0 20180704 for 0000:00:02.0 on minor 0
Sep 23 20:34:35 sami-VirtualBox kernel: [    2.470798] systemd[1]: Finished Load Kernel Modules.
Sep 23 20:34:35 sami-VirtualBox kernel: [    2.471940] systemd[1]: Mounting FUSE Control File System...
Sep 23 20:34:35 sami-VirtualBox kernel: [    2.482598] systemd[1]: Mounting Kernel Configuration File System...
Sep 23 20:34:35 sami-VirtualBox kernel: [    2.483809] systemd[1]: Starting Apply Kernel Variables...
Sep 23 20:34:35 sami-VirtualBox kernel: [    2.546764] systemd[1]: Mounted FUSE Control File System.
Sep 23 20:34:35 sami-VirtualBox kernel: [    2.546857] systemd[1]: Condition check resulted in VMware vmblock fuse mount being skipped.
Sep 23 20:34:35 sami-VirtualBox kernel: [    2.554128] systemd[1]: Mounted Kernel Configuration File System.
Sep 23 20:34:35 sami-VirtualBox kernel: [    2.583109] systemd[1]: Finished Apply Kernel Variables.
Sep 23 20:34:35 sami-VirtualBox kernel: [    2.600416] systemd[1]: Finished udev Coldplug all Devices.
Sep 23 20:34:35 sami-VirtualBox kernel: [    2.601282] systemd[1]: Finished Set the console keyboard layout.
Sep 23 20:34:35 sami-VirtualBox kernel: [    2.601385] systemd[1]: Reached target Local File Systems (Pre).
Sep 23 20:34:35 sami-VirtualBox kernel: [    2.624016] systemd[1]: Started Journal Service.
Sep 23 20:34:35 sami-VirtualBox kernel: [    2.632797] systemd-journald[225]: Received client request to flush runtime journal.
Sep 23 20:34:35 sami-VirtualBox kernel: [    2.657046] Adding 2097148k swap on /swapfile.  Priority:-2 extents:6 across:2260988k FS
Sep 23 20:34:35 sami-VirtualBox kernel: [    3.702131] vboxguest: loading out-of-tree module taints kernel.
Sep 23 20:34:35 sami-VirtualBox kernel: [    3.792553] vgdrvHeartbeatInit: Setting up heartbeat to trigger every 2000 milliseconds
Sep 23 20:34:35 sami-VirtualBox kernel: [    3.792736] input: Unspecified device as /devices/pci0000:00/0000:00:04.0/input/input6
Sep 23 20:34:35 sami-VirtualBox kernel: [    3.825619] vboxguest: Successfully loaded version 6.1.10_Ubuntu
Sep 23 20:34:35 sami-VirtualBox kernel: [    3.825668] vboxguest: misc device minor 58, IRQ 20, I/O port d040, MMIO at 00000000f1400000 (size 0x400000)
Sep 23 20:34:35 sami-VirtualBox kernel: [    3.825669] vboxguest: Successfully loaded version 6.1.10_Ubuntu (interface 0x00010004)
Sep 23 20:34:35 sami-VirtualBox kernel: [    3.996195] RAPL PMU: API unit is 2^-32 Joules, 0 fixed counters, 10737418240 ms ovfl timer
Sep 23 20:34:35 sami-VirtualBox kernel: [    4.048960] cryptd: max_cpu_qlen set to 1000
Sep 23 20:34:35 sami-VirtualBox kernel: [    4.151199] AVX2 version of gcm_enc/dec engaged.
Sep 23 20:34:35 sami-VirtualBox kernel: [    4.151200] AES CTR mode by8 optimization enabled
Sep 23 20:34:35 sami-VirtualBox kernel: [    5.652756] audit: type=1400 audit(1600914864.351:2): apparmor="STATUS" operation="profile_load" profile="unconfined" name="/usr/sbin/tcpdump" pid=407 comm="apparmor_parser"
Sep 23 20:34:35 sami-VirtualBox kernel: [   10.466127] snd_intel8x0 0000:00:05.0: white list rate for 1028:0177 is 48000
Sep 23 20:34:35 sami-VirtualBox kernel: [   12.898869] audit: type=1400 audit(1600914871.599:3): apparmor="STATUS" operation="profile_load" profile="unconfined" name="/usr/bin/evince" pid=412 comm="apparmor_parser"
Sep 23 20:34:35 sami-VirtualBox kernel: [   12.900147] audit: type=1400 audit(1600914871.599:4): apparmor="STATUS" operation="profile_load" profile="unconfined" name="/usr/bin/evince//sanitized_helper" pid=412 comm="apparmor_parser"
Sep 23 20:34:35 sami-VirtualBox kernel: [   12.902940] audit: type=1400 audit(1600914871.603:5): apparmor="STATUS" operation="profile_load" profile="unconfined" name="/usr/bin/evince-previewer" pid=412 comm="apparmor_parser"
Sep 23 20:34:35 sami-VirtualBox kernel: [   12.904616] audit: type=1400 audit(1600914871.603:6): apparmor="STATUS" operation="profile_load" profile="unconfined" name="/usr/bin/evince-previewer//sanitized_helper" pid=412 comm="apparmor_parser"
Sep 23 20:34:35 sami-VirtualBox kernel: [   12.906852] audit: type=1400 audit(1600914871.607:7): apparmor="STATUS" operation="profile_load" profile="unconfined" name="/usr/bin/evince-thumbnailer" pid=412 comm="apparmor_parser"
Sep 23 20:34:35 sami-VirtualBox kernel: [   13.594637] audit: type=1400 audit(1600914872.295:8): apparmor="STATUS" operation="profile_load" profile="unconfined" name="/usr/lib/cups/backend/cups-pdf" pid=415 comm="apparmor_parser"
Sep 23 20:34:35 sami-VirtualBox kernel: [   13.597841] audit: type=1400 audit(1600914872.299:9): apparmor="STATUS" operation="profile_load" profile="unconfined" name="/usr/sbin/cupsd" pid=415 comm="apparmor_parser"
Sep 23 20:34:35 sami-VirtualBox kernel: [   13.598804] audit: type=1400 audit(1600914872.299:10): apparmor="STATUS" operation="profile_load" profile="unconfined" name="/usr/sbin/cupsd//third_party" pid=415 comm="apparmor_parser"
Sep 23 20:34:35 sami-VirtualBox kernel: [   14.044414] audit: type=1400 audit(1600914872.743:11): apparmor="STATUS" operation="profile_load" profile="unconfined" name="/usr/lib/NetworkManager/nm-dhcp-client.action" pid=416 comm="apparmor_parser"
Sep 23 20:34:35 sami-VirtualBox kernel: [   14.045647] audit: type=1400 audit(1600914872.747:12): apparmor="STATUS" operation="profile_load" profile="unconfined" name="/usr/lib/NetworkManager/nm-dhcp-helper" pid=416 comm="apparmor_parser"
Sep 23 20:34:35 sami-VirtualBox grub-common[447]:  * Recording successful boot for GRUB
Sep 23 20:34:35 sami-VirtualBox apport[436]:  * Starting automatic crash report generation: apport
Sep 23 20:34:35 sami-VirtualBox grub-common[447]:    ...done.
Sep 23 20:34:35 sami-VirtualBox systemd[1]: Started LSB: Record successful boot for GRUB.
Sep 23 20:34:35 sami-VirtualBox snapd[471]: AppArmor status: apparmor is enabled and all features are available
Sep 23 20:34:35 sami-VirtualBox dbus-daemon[442]: dbus[442]: Unknown group "power" in message bus configuration file
Sep 23 20:34:35 sami-VirtualBox apport[436]:    ...done.
Sep 23 20:34:35 sami-VirtualBox systemd[1]: Started LSB: automatic crash report generation.
Sep 23 20:34:35 sami-VirtualBox dbus-daemon[442]: [system] AppArmor D-Bus mediation is enabled
Sep 23 20:34:36 sami-VirtualBox systemd[1]: Started Thermal Daemon Service.
Sep 23 20:34:36 sami-VirtualBox thermald[478]: [WARN]NO RAPL sysfs present
Sep 23 20:34:36 sami-VirtualBox thermald[478]: [WARN]22 CPUID levels; family:model:stepping 0x6:9e:9 (6:158:9)
Sep 23 20:34:36 sami-VirtualBox thermald[478]: [WARN]Polling mode is enabled: 4
Sep 23 20:34:36 sami-VirtualBox thermald[478]: [WARN]Thermal DTS: No coretemp sysfs found
Sep 23 20:34:36 sami-VirtualBox thermald[478]: [WARN]sensor id 0 : No temp sysfs for reading raw temp
Sep 23 20:34:36 sami-VirtualBox thermald[478]: message repeated 2 times: [ [WARN]sensor id 0 : No temp sysfs for reading raw temp]
Sep 23 20:34:36 sami-VirtualBox wpa_supplicant[482]: Successfully initialized wpa_supplicant
Sep 23 20:34:36 sami-VirtualBox systemd[1]: Started WPA supplicant.
Sep 23 20:34:36 sami-VirtualBox systemd[1]: Started Avahi mDNS/DNS-SD Stack.
Sep 23 20:34:36 sami-VirtualBox thermald[478]: I/O warning : failed to load external entity "/etc/thermald/thermal-conf.xml"
Sep 23 20:34:36 sami-VirtualBox thermald[478]: [WARN]error: could not parse file /etc/thermald/thermal-conf.xml
Sep 23 20:34:36 sami-VirtualBox thermald[478]: [WARN]sysfs open failed
Sep 23 20:34:36 sami-VirtualBox systemd[1]: Started Make remote CUPS printers available locally.
Sep 23 20:34:36 sami-VirtualBox snapd[471]: daemon.go:343: started snapd/2.45.1+20.04.2 (series 16; classic) ubuntu/20.04 (amd64) linux/5.4.0-48-generic.
Sep 23 20:34:36 sami-VirtualBox thermald[478]: I/O warning : failed to load external entity "/etc/thermald/thermal-conf.xml"
Sep 23 20:34:36 sami-VirtualBox thermald[478]: [WARN]error: could not parse file /etc/thermald/thermal-conf.xml
Sep 23 20:34:36 sami-VirtualBox thermald[478]: [ERR]Thermal DTS or hwmon: No Zones present Need to configure manually
Sep 23 20:34:36 sami-VirtualBox thermald[478]: I/O warning : failed to load external entity "/etc/thermald/thermal-conf.xml"
Sep 23 20:34:36 sami-VirtualBox thermald[478]: [WARN]error: could not parse file /etc/thermald/thermal-conf.xml
Sep 23 20:34:36 sami-VirtualBox thermald[478]: [ERR]No thermal sensors found
Sep 23 20:34:36 sami-VirtualBox thermald[478]: [ERR]THD engine start failed
Sep 23 20:34:36 sami-VirtualBox avahi-daemon[437]: Successfully called chroot().
Sep 23 20:34:36 sami-VirtualBox avahi-daemon[437]: Successfully dropped remaining capabilities.
Sep 23 20:34:36 sami-VirtualBox avahi-daemon[437]: No service file found in /etc/avahi/services.
Sep 23 20:34:36 sami-VirtualBox avahi-daemon[437]: Joining mDNS multicast group on interface lo.IPv6 with address ::1.
Sep 23 20:34:36 sami-VirtualBox avahi-daemon[437]: New relevant interface lo.IPv6 for mDNS.
Sep 23 20:34:36 sami-VirtualBox avahi-daemon[437]: Joining mDNS multicast group on interface lo.IPv4 with address 127.0.0.1.
Sep 23 20:34:36 sami-VirtualBox systemd[1]: thermald.service: Succeeded.
Sep 23 20:34:36 sami-VirtualBox avahi-daemon[437]: New relevant interface lo.IPv4 for mDNS.
Sep 23 20:34:36 sami-VirtualBox NetworkManager[443]: <info>  [1600914876.1534] bus-manager: acquired D-Bus service "org.freedesktop.NetworkManager"
Sep 23 20:34:36 sami-VirtualBox avahi-daemon[437]: Network interface enumeration completed.
Sep 23 20:34:36 sami-VirtualBox avahi-daemon[437]: Registering new address record for ::1 on lo.*.
Sep 23 20:34:36 sami-VirtualBox avahi-daemon[437]: Registering new address record for 127.0.0.1 on lo.IPv4.
Sep 23 20:34:36 sami-VirtualBox systemd[1]: Started Network Manager.
Sep 23 20:34:36 sami-VirtualBox systemd[1]: Started Switcheroo Control Proxy service.
Sep 23 20:34:36 sami-VirtualBox systemd[1]: Reached target Network.
Sep 23 20:34:36 sami-VirtualBox NetworkManager[443]: <info>  [1600914876.2117] manager[0x555f21d85030]: monitoring kernel firmware directory '/lib/firmware'.
Sep 23 20:34:36 sami-VirtualBox NetworkManager[443]: <info>  [1600914876.2204] monitoring ifupdown state file '/run/network/ifstate'.
Sep 23 20:34:36 sami-VirtualBox systemd[1]: Starting Network Manager Wait Online...
Sep 23 20:34:36 sami-VirtualBox udisksd[480]: failed to load module mdraid: libbd_mdraid.so.2: cannot open shared object file: No such file or directory
Sep 23 20:34:36 sami-VirtualBox systemd[1]: Condition check resulted in Manage Sound Card State (restore and store) being skipped.
Sep 23 20:34:36 sami-VirtualBox dbus-daemon[442]: [system] Activating via systemd: service name='org.freedesktop.hostname1' unit='dbus-org.freedesktop.hostname1.service' requested by ':1.10' (uid=0 pid=443 comm="/usr/sbin/NetworkManager --no-daemon " label="unconfined")
Sep 23 20:34:36 sami-VirtualBox systemd[1]: Starting Save/Restore Sound Card State...
Sep 23 20:34:36 sami-VirtualBox polkitd[459]: started daemon version 0.105 using authority implementation `local' version `0.105'
Sep 23 20:34:36 sami-VirtualBox systemd[1]: Starting OpenVPN service...
Sep 23 20:34:36 sami-VirtualBox udisksd[480]: Failed to load the 'mdraid' libblockdev plugin
Sep 23 20:34:36 sami-VirtualBox systemd[1]: Condition check resulted in fast remote file copy program daemon being skipped.
Sep 23 20:34:36 sami-VirtualBox systemd[1]: Starting Permit User Sessions...
Sep 23 20:34:36 sami-VirtualBox alsactl[533]: /usr/sbin/alsactl: load_state:1683: Cannot open /var/lib/alsa/asound.state for reading: No such file or directory
Sep 23 20:34:36 sami-VirtualBox systemd[1]: Finished OpenVPN service.
Sep 23 20:34:36 sami-VirtualBox alsactl[533]: Found hardware: "ICH" "Analog Devices AD1980" "AC97a:41445370" "0x1028" "0x0177"
Sep 23 20:34:36 sami-VirtualBox alsactl[533]: Hardware is initialized using a generic method
Sep 23 20:34:36 sami-VirtualBox snapd[471]: daemon.go:436: adjusting startup timeout by 30s (pessimistic estimate of 30s plus 5s per snap)
Sep 23 20:34:36 sami-VirtualBox systemd[1]: tmp-sanity\x2dmountpoint\x2d499582287.mount: Succeeded.
Sep 23 20:34:36 sami-VirtualBox systemd[1]: Finished Permit User Sessions.
Sep 23 20:34:36 sami-VirtualBox systemd[1]: Finished Save/Restore Sound Card State.
Sep 23 20:34:36 sami-VirtualBox systemd[1]: Started Authorization Manager.
Sep 23 20:34:36 sami-VirtualBox systemd[1]: Reached target Sound Card.
Sep 23 20:34:36 sami-VirtualBox systemd[1]: Starting Modem Manager...
Sep 23 20:34:36 sami-VirtualBox accounts-daemon[431]: started daemon version 0.6.55
Sep 23 20:34:36 sami-VirtualBox systemd[1]: Starting GNOME Display Manager...
Sep 23 20:34:36 sami-VirtualBox systemd[1]: Starting Hold until boot process finishes up...
Sep 23 20:34:36 sami-VirtualBox systemd[1]: Starting Hostname Service...
Sep 23 20:34:36 sami-VirtualBox systemd[1]: Started Accounts Service.
Sep 23 20:34:36 sami-VirtualBox systemd[1]: Started Login Service.
Sep 23 20:34:36 sami-VirtualBox snapd[471]: helpers.go:105: error trying to compare the snap system key: system-key missing on disk
Sep 23 20:34:36 sami-VirtualBox avahi-daemon[437]: Server startup complete. Host name is sami-VirtualBox.local. Local service cookie is 2012860664.
Sep 23 20:34:36 sami-VirtualBox systemd[1]: Started Unattended Upgrades Shutdown.
Sep 23 20:34:37 sami-VirtualBox ModemManager[545]: <info>  ModemManager (version 1.12.8) starting in system bus...
Sep 23 20:34:37 sami-VirtualBox systemd[1]: Started Snap Daemon.
Sep 23 20:34:37 sami-VirtualBox systemd[1]: Starting Wait until snapd is fully seeded...
Sep 23 20:34:37 sami-VirtualBox systemd[1]: Started GNOME Display Manager.
Sep 23 20:34:37 sami-VirtualBox systemd[1]: Received SIGRTMIN+21 from PID 265 (plymouthd).
Sep 23 20:34:37 sami-VirtualBox systemd[1]: Started Modem Manager.
Sep 23 20:34:37 sami-VirtualBox systemd[1]: Started Disk Manager.
Sep 23 20:34:37 sami-VirtualBox udisksd[480]: Acquired the name org.freedesktop.UDisks2 on the system message bus
Sep 23 20:34:38 sami-VirtualBox networkd-dispatcher[589]: WARNING: systemd-networkd is not running, output will be incomplete.
Sep 23 20:34:38 sami-VirtualBox systemd[1]: Started Dispatcher daemon for systemd-networkd.
Sep 23 20:34:38 sami-VirtualBox systemd[1]: Created slice User Slice of UID 1000.
Sep 23 20:34:38 sami-VirtualBox systemd[1]: Starting User Runtime Directory /run/user/1000...
Sep 23 20:34:38 sami-VirtualBox systemd[1]: Finished User Runtime Directory /run/user/1000.
Sep 23 20:34:38 sami-VirtualBox systemd[1]: Starting User Manager for UID 1000...
Sep 23 20:34:38 sami-VirtualBox dbus-daemon[442]: [system] Successfully activated service 'org.freedesktop.hostname1'
Sep 23 20:34:38 sami-VirtualBox systemd[1]: Started Hostname Service.
Sep 23 20:34:38 sami-VirtualBox NetworkManager[443]: <info>  [1600914878.6248] hostname: hostname: using hostnamed
Sep 23 20:34:38 sami-VirtualBox NetworkManager[443]: <info>  [1600914878.6249] hostname: hostname changed from (none) to "sami-VirtualBox"
Sep 23 20:34:38 sami-VirtualBox NetworkManager[443]: <info>  [1600914878.6255] dns-mgr[0x555f21d6b290]: init: dns=systemd-resolved rc-manager=symlink, plugin=systemd-resolved
Sep 23 20:34:38 sami-VirtualBox NetworkManager[443]: <info>  [1600914878.6446] manager[0x555f21d85030]: rfkill: Wi-Fi hardware radio set enabled
Sep 23 20:34:38 sami-VirtualBox NetworkManager[443]: <info>  [1600914878.6447] manager[0x555f21d85030]: rfkill: WWAN hardware radio set enabled
Sep 23 20:34:38 sami-VirtualBox NetworkManager[443]: <info>  [1600914878.6705] Loaded device plugin: NMWwanFactory (/usr/lib/x86_64-linux-gnu/NetworkManager/1.22.10/libnm-device-plugin-wwan.so)
Sep 23 20:34:38 sami-VirtualBox NetworkManager[443]: <info>  [1600914878.6875] Loaded device plugin: NMBluezManager (/usr/lib/x86_64-linux-gnu/NetworkManager/1.22.10/libnm-device-plugin-bluetooth.so)
Sep 23 20:34:38 sami-VirtualBox NetworkManager[443]: <info>  [1600914878.6918] Loaded device plugin: NMAtmManager (/usr/lib/x86_64-linux-gnu/NetworkManager/1.22.10/libnm-device-plugin-adsl.so)
Sep 23 20:34:38 sami-VirtualBox NetworkManager[443]: <info>  [1600914878.7145] Loaded device plugin: NMTeamFactory (/usr/lib/x86_64-linux-gnu/NetworkManager/1.22.10/libnm-device-plugin-team.so)
Sep 23 20:34:38 sami-VirtualBox NetworkManager[443]: <info>  [1600914878.7261] Loaded device plugin: NMWifiFactory (/usr/lib/x86_64-linux-gnu/NetworkManager/1.22.10/libnm-device-plugin-wifi.so)
Sep 23 20:34:38 sami-VirtualBox NetworkManager[443]: <info>  [1600914878.7311] manager: rfkill: Wi-Fi enabled by radio killswitch; enabled by state file
Sep 23 20:34:38 sami-VirtualBox NetworkManager[443]: <info>  [1600914878.7344] manager: rfkill: WWAN enabled by radio killswitch; enabled by state file
Sep 23 20:34:38 sami-VirtualBox NetworkManager[443]: <info>  [1600914878.7397] manager: Networking is enabled by state file
Sep 23 20:34:38 sami-VirtualBox dbus-daemon[442]: [system] Activating via systemd: service name='org.freedesktop.nm_dispatcher' unit='dbus-org.freedesktop.nm-dispatcher.service' requested by ':1.10' (uid=0 pid=443 comm="/usr/sbin/NetworkManager --no-daemon " label="unconfined")
Sep 23 20:34:38 sami-VirtualBox NetworkManager[443]: <info>  [1600914878.7413] dhcp-init: Using DHCP client 'internal'
Sep 23 20:34:38 sami-VirtualBox NetworkManager[443]: <info>  [1600914878.7490] settings: Loaded settings plugin: ifupdown ("/usr/lib/x86_64-linux-gnu/NetworkManager/1.22.10/libnm-settings-plugin-ifupdown.so")
Sep 23 20:34:38 sami-VirtualBox NetworkManager[443]: <info>  [1600914878.7502] settings: Loaded settings plugin: keyfile (internal)
Sep 23 20:34:38 sami-VirtualBox NetworkManager[443]: <info>  [1600914878.7505] ifupdown: management mode: unmanaged
Sep 23 20:34:38 sami-VirtualBox NetworkManager[443]: <warn>  [1600914878.7519] ifupdown: interfaces file /etc/network/interfaces doesn't exist
Sep 23 20:34:38 sami-VirtualBox NetworkManager[443]: <info>  [1600914878.7597] device (lo): carrier: link connected
Sep 23 20:34:38 sami-VirtualBox systemd[1]: Starting Network Manager Script Dispatcher Service...
Sep 23 20:34:38 sami-VirtualBox NetworkManager[443]: <info>  [1600914878.7719] manager: (lo): new Generic device (/org/freedesktop/NetworkManager/Devices/1)
Sep 23 20:34:38 sami-VirtualBox NetworkManager[443]: <info>  [1600914878.7996] manager: (enp0s3): new Ethernet device (/org/freedesktop/NetworkManager/Devices/2)
Sep 23 20:34:38 sami-VirtualBox dbus-daemon[442]: [system] Successfully activated service 'org.freedesktop.nm_dispatcher'
Sep 23 20:34:38 sami-VirtualBox systemd[1]: Started Network Manager Script Dispatcher Service.
Sep 23 20:34:38 sami-VirtualBox NetworkManager[443]: <info>  [1600914878.8529] settings: (enp0s3): created default wired connection 'Wired connection 1'
Sep 23 20:34:38 sami-VirtualBox NetworkManager[443]: <info>  [1600914878.8727] device (enp0s3): state change: unmanaged -> unavailable (reason 'managed', sys-iface-state: 'external')
Sep 23 20:34:38 sami-VirtualBox kernel: [   20.184408] e1000: enp0s3 NIC Link is Up 1000 Mbps Full Duplex, Flow Control: RX
Sep 23 20:34:38 sami-VirtualBox kernel: [   20.185022] IPv6: ADDRCONF(NETDEV_CHANGE): enp0s3: link becomes ready
Sep 23 20:34:38 sami-VirtualBox NetworkManager[443]: <info>  [1600914878.9060] device (enp0s3): carrier: link connected
Sep 23 20:34:38 sami-VirtualBox NetworkManager[443]: <warn>  [1600914878.9532] Error: failed to open /run/network/ifstate
Sep 23 20:34:39 sami-VirtualBox NetworkManager[443]: <info>  [1600914879.0060] modem-manager: ModemManager available
Sep 23 20:34:39 sami-VirtualBox NetworkManager[443]: <info>  [1600914879.0530] device (enp0s3): state change: unavailable -> disconnected (reason 'none', sys-iface-state: 'managed')
Sep 23 20:34:39 sami-VirtualBox NetworkManager[443]: <info>  [1600914879.0778] policy: auto-activating connection 'Wired connection 1' (d1c8664f-22d5-3543-a9e2-884c49fa3ad0)
Sep 23 20:34:39 sami-VirtualBox NetworkManager[443]: <info>  [1600914879.0930] device (enp0s3): Activation: starting connection 'Wired connection 1' (d1c8664f-22d5-3543-a9e2-884c49fa3ad0)
Sep 23 20:34:39 sami-VirtualBox NetworkManager[443]: <info>  [1600914879.0954] device (enp0s3): state change: disconnected -> prepare (reason 'none', sys-iface-state: 'managed')
Sep 23 20:34:39 sami-VirtualBox NetworkManager[443]: <info>  [1600914879.1097] manager: NetworkManager state is now CONNECTING
Sep 23 20:34:39 sami-VirtualBox NetworkManager[443]: <info>  [1600914879.1197] device (enp0s3): state change: prepare -> config (reason 'none', sys-iface-state: 'managed')
Sep 23 20:34:39 sami-VirtualBox NetworkManager[443]: <info>  [1600914879.1388] device (enp0s3): state change: config -> ip-config (reason 'none', sys-iface-state: 'managed')
Sep 23 20:34:39 sami-VirtualBox NetworkManager[443]: <info>  [1600914879.1443] dhcp4 (enp0s3): activation: beginning transaction (timeout in 45 seconds)
Sep 23 20:34:39 sami-VirtualBox avahi-daemon[437]: Joining mDNS multicast group on interface enp0s3.IPv6 with address fe80::824c:1f78:acb:fc85.
Sep 23 20:34:39 sami-VirtualBox avahi-daemon[437]: New relevant interface enp0s3.IPv6 for mDNS.
Sep 23 20:34:39 sami-VirtualBox avahi-daemon[437]: Registering new address record for fe80::824c:1f78:acb:fc85 on enp0s3.*.
Sep 23 20:34:39 sami-VirtualBox NetworkManager[443]: <info>  [1600914879.1791] dhcp4 (enp0s3): option dhcp_lease_time      => '86400'
Sep 23 20:34:39 sami-VirtualBox NetworkManager[443]: <info>  [1600914879.1795] dhcp4 (enp0s3): option domain_name          => 'hsd1.co.comcast.net'
Sep 23 20:34:39 sami-VirtualBox NetworkManager[443]: <info>  [1600914879.1798] dhcp4 (enp0s3): option domain_name_servers  => '75.75.75.75 75.75.76.76'
Sep 23 20:34:39 sami-VirtualBox NetworkManager[443]: <info>  [1600914879.1801] dhcp4 (enp0s3): option expiry               => '1601001279'
Sep 23 20:34:39 sami-VirtualBox NetworkManager[443]: <info>  [1600914879.1804] dhcp4 (enp0s3): option ip_address           => '10.0.2.15'
Sep 23 20:34:39 sami-VirtualBox NetworkManager[443]: <info>  [1600914879.1807] dhcp4 (enp0s3): option next_server          => '10.0.2.4'
Sep 23 20:34:39 sami-VirtualBox NetworkManager[443]: <info>  [1600914879.1825] dhcp4 (enp0s3): option requested_broadcast_address => '1'
Sep 23 20:34:39 sami-VirtualBox NetworkManager[443]: <info>  [1600914879.1829] dhcp4 (enp0s3): option requested_domain_name => '1'
Sep 23 20:34:39 sami-VirtualBox NetworkManager[443]: <info>  [1600914879.1832] dhcp4 (enp0s3): option requested_domain_name_servers => '1'
Sep 23 20:34:39 sami-VirtualBox NetworkManager[443]: <info>  [1600914879.1835] dhcp4 (enp0s3): option requested_domain_search => '1'
Sep 23 20:34:39 sami-VirtualBox NetworkManager[443]: <info>  [1600914879.1838] dhcp4 (enp0s3): option requested_host_name  => '1'
Sep 23 20:34:39 sami-VirtualBox NetworkManager[443]: <info>  [1600914879.1841] dhcp4 (enp0s3): option requested_interface_mtu => '1'
Sep 23 20:34:39 sami-VirtualBox NetworkManager[443]: <info>  [1600914879.1844] dhcp4 (enp0s3): option requested_ms_classless_static_routes => '1'
Sep 23 20:34:39 sami-VirtualBox NetworkManager[443]: <info>  [1600914879.1863] dhcp4 (enp0s3): option requested_nis_domain => '1'
Sep 23 20:34:39 sami-VirtualBox NetworkManager[443]: <info>  [1600914879.1868] dhcp4 (enp0s3): option requested_nis_servers => '1'
Sep 23 20:34:39 sami-VirtualBox NetworkManager[443]: <info>  [1600914879.1871] dhcp4 (enp0s3): option requested_ntp_servers => '1'
Sep 23 20:34:39 sami-VirtualBox NetworkManager[443]: <info>  [1600914879.1873] dhcp4 (enp0s3): option requested_rfc3442_classless_static_routes => '1'
Sep 23 20:34:39 sami-VirtualBox NetworkManager[443]: <info>  [1600914879.1876] dhcp4 (enp0s3): option requested_root_path  => '1'
Sep 23 20:34:39 sami-VirtualBox NetworkManager[443]: <info>  [1600914879.1888] dhcp4 (enp0s3): option requested_routers    => '1'
Sep 23 20:34:39 sami-VirtualBox NetworkManager[443]: <info>  [1600914879.1888] dhcp4 (enp0s3): option requested_static_routes => '1'
Sep 23 20:34:39 sami-VirtualBox NetworkManager[443]: <info>  [1600914879.1889] dhcp4 (enp0s3): option requested_subnet_mask => '1'
Sep 23 20:34:39 sami-VirtualBox NetworkManager[443]: <info>  [1600914879.1889] dhcp4 (enp0s3): option requested_time_offset => '1'
Sep 23 20:34:39 sami-VirtualBox NetworkManager[443]: <info>  [1600914879.1889] dhcp4 (enp0s3): option requested_wpad       => '1'
Sep 23 20:34:39 sami-VirtualBox NetworkManager[443]: <info>  [1600914879.1889] dhcp4 (enp0s3): option routers              => '10.0.2.2'
Sep 23 20:34:39 sami-VirtualBox NetworkManager[443]: <info>  [1600914879.1889] dhcp4 (enp0s3): option subnet_mask          => '255.255.255.0'
Sep 23 20:34:39 sami-VirtualBox NetworkManager[443]: <info>  [1600914879.1889] dhcp4 (enp0s3): state changed unknown -> bound
Sep 23 20:34:39 sami-VirtualBox avahi-daemon[437]: Joining mDNS multicast group on interface enp0s3.IPv4 with address 10.0.2.15.
Sep 23 20:34:39 sami-VirtualBox avahi-daemon[437]: New relevant interface enp0s3.IPv4 for mDNS.
Sep 23 20:34:39 sami-VirtualBox avahi-daemon[437]: Registering new address record for 10.0.2.15 on enp0s3.IPv4.
Sep 23 20:34:39 sami-VirtualBox NetworkManager[443]: <info>  [1600914879.2119] device (enp0s3): state change: ip-config -> ip-check (reason 'none', sys-iface-state: 'managed')
Sep 23 20:34:39 sami-VirtualBox NetworkManager[443]: <info>  [1600914879.2401] device (enp0s3): state change: ip-check -> secondaries (reason 'none', sys-iface-state: 'managed')
Sep 23 20:34:39 sami-VirtualBox NetworkManager[443]: <info>  [1600914879.2502] device (enp0s3): state change: secondaries -> activated (reason 'none', sys-iface-state: 'managed')
Sep 23 20:34:39 sami-VirtualBox NetworkManager[443]: <info>  [1600914879.2595] manager: NetworkManager state is now CONNECTED_LOCAL
Sep 23 20:34:39 sami-VirtualBox NetworkManager[443]: <info>  [1600914879.2881] manager: NetworkManager state is now CONNECTED_SITE
Sep 23 20:34:39 sami-VirtualBox NetworkManager[443]: <info>  [1600914879.2931] policy: set 'Wired connection 1' (enp0s3) as default for IPv4 routing and DNS
Sep 23 20:34:39 sami-VirtualBox NetworkManager[443]: <info>  [1600914879.3154] device (enp0s3): Activation: successful, device activated.
